#-----------------------------------------------------------
# Vivado v2020.2 (64-bit)
# SW Build 3064766 on Wed Nov 18 09:12:45 MST 2020
# IP Build 3064653 on Wed Nov 18 14:17:31 MST 2020
# Start of session at: Sun Jan 18 18:13:18 2026
# Process ID: 13392
# Current directory: C:/Working/FPGA_Harman_25_1/_v08_0118_1708/_v08_0118_1708/260115_vga_spi_test
# Command line: vivado.exe -gui_launcher_event rodinguilauncherevent2604 C:\Working\FPGA_Harman_25_1\_v08_0118_1708\_v08_0118_1708\260115_vga_spi_test\260115_vga_spi_test.xpr
# Log file: C:/Working/FPGA_Harman_25_1/_v08_0118_1708/_v08_0118_1708/260115_vga_spi_test/vivado.log
# Journal file: C:/Working/FPGA_Harman_25_1/_v08_0118_1708/_v08_0118_1708/260115_vga_spi_test\vivado.jou
#-----------------------------------------------------------
start_gui
open_project C:/Working/FPGA_Harman_25_1/_v08_0118_1708/_v08_0118_1708/260115_vga_spi_test/260115_vga_spi_test.xpr
INFO: [Project 1-313] Project file moved from 'D:/work/build/_v07_0118_1708/260115_vga_spi_test' since last save.
Scanning sources...
Finished scanning sources
INFO: [IP_Flow 19-234] Refreshing IP repositories
INFO: [IP_Flow 19-1704] No user IP repositories specified
INFO: [IP_Flow 19-2313] Loaded Vivado IP repository 'C:/Xilinx/Vivado/2020.2/data/ip'.
update_compile_order -fileset sources_1
reset_run impl_1 -prev_step 
launch_runs impl_1 -to_step write_bitstream -jobs 8
[Sun Jan 18 18:14:24 2026] Launched impl_1...
Run output will be captured here: C:/Working/FPGA_Harman_25_1/_v08_0118_1708/_v08_0118_1708/260115_vga_spi_test/260115_vga_spi_test.runs/impl_1/runme.log
open_hw_manager
connect_hw_server -allow_non_jtag
INFO: [Labtools 27-2285] Connecting to hw_server url TCP:localhost:3121
INFO: [Labtools 27-3415] Connecting to cs_server url TCP:localhost:3042
INFO: [Labtools 27-3414] Connected to existing cs_server.
open_hw_target
INFO: [Labtoolstcl 44-466] Opening hw_target localhost:3121/xilinx_tcf/Digilent/210183B81AF6A
set_property PROGRAM.FILE {C:/Working/FPGA_Harman_25_1/_v08_0118_1708/_v08_0118_1708/260115_vga_spi_test/260115_vga_spi_test.runs/impl_1/top.bit} [get_hw_devices xc7a35t_0]
current_hw_device [get_hw_devices xc7a35t_0]
refresh_hw_device -update_hw_probes false [lindex [get_hw_devices xc7a35t_0] 0]
INFO: [Labtools 27-1434] Device xc7a35t (JTAG device index = 0) is programmed with a design that has no supported debug core(s) in it.
set_property PROBES.FILE {} [get_hw_devices xc7a35t_0]
set_property FULL_PROBES.FILE {} [get_hw_devices xc7a35t_0]
set_property PROGRAM.FILE {C:/Working/FPGA_Harman_25_1/_v08_0118_1708/_v08_0118_1708/260115_vga_spi_test/260115_vga_spi_test.runs/impl_1/top.bit} [get_hw_devices xc7a35t_0]
program_hw_devices [get_hw_devices xc7a35t_0]
INFO: [Labtools 27-3164] End of startup status: HIGH
refresh_hw_device [lindex [get_hw_devices xc7a35t_0] 0]
INFO: [Labtools 27-1434] Device xc7a35t (JTAG device index = 0) is programmed with a design that has no supported debug core(s) in it.
open_run impl_1
INFO: [Device 21-403] Loading part xc7a35tcpg236-1
Netlist sorting complete. Time (s): cpu = 00:00:00 ; elapsed = 00:00:00.087 . Memory (MB): peak = 2872.848 ; gain = 0.000
INFO: [Netlist 29-17] Analyzing 2264 Unisim elements for replacement
INFO: [Netlist 29-28] Unisim Transformation completed in 0 CPU seconds
INFO: [Project 1-479] Netlist was created with Vivado 2020.2
INFO: [Project 1-570] Preparing netlist for logic optimization
WARNING: [Constraints 18-550] Could not create 'IBUF_LOW_PWR' constraint because net 'u_clk_wiz/clk_in1' is not directly connected to top level port. Synthesis is ignored for IBUF_LOW_PWR but preserved for implementation.
INFO: [Timing 38-478] Restoring timing data from binary archive.
INFO: [Timing 38-479] Binary timing data restore complete.
INFO: [Project 1-856] Restoring constraints from binary archive.
INFO: [Project 1-853] Binary constraint restore complete.
Reading XDEF placement.
Reading placer database...
Reading XDEF routing.
Read XDEF File: Time (s): cpu = 00:00:01 ; elapsed = 00:00:00.926 . Memory (MB): peak = 3600.371 ; gain = 4.219
Restored from archive | CPU: 1.000000 secs | Memory: 0.000000 MB |
Finished XDEF File Restore: Time (s): cpu = 00:00:01 ; elapsed = 00:00:00.926 . Memory (MB): peak = 3600.371 ; gain = 4.219
Netlist sorting complete. Time (s): cpu = 00:00:00 ; elapsed = 00:00:00.002 . Memory (MB): peak = 3600.371 ; gain = 0.000
INFO: [Project 1-111] Unisim Transformation Summary:
No Unisim elements were transformed.

open_run: Time (s): cpu = 00:00:25 ; elapsed = 00:00:19 . Memory (MB): peak = 3786.090 ; gain = 1237.207
report_clock_networks -name {network_1}
create_clock -name cam_pclk -period 40.000 [get_ports pclk]
cam_pclk
report_clock_networks -name {network_1}
report_clock_networks -name {network_2}
report_timing_summary -delay_type min_max -report_unconstrained -check_timing_verbose -max_paths 10 -input_pins -routable_nets -name timing_1
INFO: [Timing 38-91] UpdateTimingParams: Speed grade: -1, Delay Type: min_max.
INFO: [Timing 38-191] Multithreading enabled for timing update using a maximum of 2 CPUs
report_clock_networks -name {network_3}
set_property target_constrs_file C:/Working/FPGA_Harman_25_1/_v08_0118_1708/_v08_0118_1708/260115_vga_spi_test/260115_vga_spi_test.srcs/constrs_1/imports/260114_VGA_SPI/Basys-3-Master.xdc [current_fileset -constrset]
save_constraints -force
reset_run synth_1
launch_runs impl_1 -to_step write_bitstream -jobs 8
[Sun Jan 18 18:26:24 2026] Launched synth_1...
Run output will be captured here: C:/Working/FPGA_Harman_25_1/_v08_0118_1708/_v08_0118_1708/260115_vga_spi_test/260115_vga_spi_test.runs/synth_1/runme.log
[Sun Jan 18 18:26:24 2026] Launched impl_1...
Run output will be captured here: C:/Working/FPGA_Harman_25_1/_v08_0118_1708/_v08_0118_1708/260115_vga_spi_test/260115_vga_spi_test.runs/impl_1/runme.log
set_property PROBES.FILE {} [get_hw_devices xc7a35t_0]
set_property FULL_PROBES.FILE {} [get_hw_devices xc7a35t_0]
set_property PROGRAM.FILE {C:/Working/FPGA_Harman_25_1/_v08_0118_1708/_v08_0118_1708/260115_vga_spi_test/260115_vga_spi_test.runs/impl_1/top.bit} [get_hw_devices xc7a35t_0]
program_hw_devices [get_hw_devices xc7a35t_0]
INFO: [Labtools 27-3164] End of startup status: HIGH
refresh_hw_device [lindex [get_hw_devices xc7a35t_0] 0]
INFO: [Labtools 27-1434] Device xc7a35t (JTAG device index = 0) is programmed with a design that has no supported debug core(s) in it.
reset_run synth_1
launch_runs impl_1 -to_step write_bitstream -jobs 8
[Sun Jan 18 18:47:34 2026] Launched synth_1...
Run output will be captured here: C:/Working/FPGA_Harman_25_1/_v08_0118_1708/_v08_0118_1708/260115_vga_spi_test/260115_vga_spi_test.runs/synth_1/runme.log
[Sun Jan 18 18:47:34 2026] Launched impl_1...
Run output will be captured here: C:/Working/FPGA_Harman_25_1/_v08_0118_1708/_v08_0118_1708/260115_vga_spi_test/260115_vga_spi_test.runs/impl_1/runme.log
set_property PROBES.FILE {} [get_hw_devices xc7a35t_0]
set_property FULL_PROBES.FILE {} [get_hw_devices xc7a35t_0]
set_property PROGRAM.FILE {C:/Working/FPGA_Harman_25_1/_v08_0118_1708/_v08_0118_1708/260115_vga_spi_test/260115_vga_spi_test.runs/impl_1/top.bit} [get_hw_devices xc7a35t_0]
program_hw_devices [get_hw_devices xc7a35t_0]
INFO: [Labtools 27-3164] End of startup status: HIGH
refresh_hw_device [lindex [get_hw_devices xc7a35t_0] 0]
INFO: [Labtools 27-1434] Device xc7a35t (JTAG device index = 0) is programmed with a design that has no supported debug core(s) in it.
report_timing_summary -delay_type min_max -report_unconstrained -check_timing_verbose -max_paths 10 -input_pins -routable_nets -name timing_2
INFO: [Timing 38-91] UpdateTimingParams: Speed grade: -1, Delay Type: min_max.
INFO: [Timing 38-191] Multithreading enabled for timing update using a maximum of 2 CPUs
reset_run synth_1
launch_runs impl_1 -to_step write_bitstream -jobs 8
[Sun Jan 18 18:53:59 2026] Launched synth_1...
Run output will be captured here: C:/Working/FPGA_Harman_25_1/_v08_0118_1708/_v08_0118_1708/260115_vga_spi_test/260115_vga_spi_test.runs/synth_1/runme.log
[Sun Jan 18 18:53:59 2026] Launched impl_1...
Run output will be captured here: C:/Working/FPGA_Harman_25_1/_v08_0118_1708/_v08_0118_1708/260115_vga_spi_test/260115_vga_spi_test.runs/impl_1/runme.log
set_property PROBES.FILE {} [get_hw_devices xc7a35t_0]
set_property FULL_PROBES.FILE {} [get_hw_devices xc7a35t_0]
set_property PROGRAM.FILE {C:/Working/FPGA_Harman_25_1/_v08_0118_1708/_v08_0118_1708/260115_vga_spi_test/260115_vga_spi_test.runs/impl_1/top.bit} [get_hw_devices xc7a35t_0]
program_hw_devices [get_hw_devices xc7a35t_0]
INFO: [Labtools 27-3164] End of startup status: HIGH
refresh_hw_device [lindex [get_hw_devices xc7a35t_0] 0]
INFO: [Labtools 27-1434] Device xc7a35t (JTAG device index = 0) is programmed with a design that has no supported debug core(s) in it.
reset_run synth_1
launch_runs impl_1 -to_step write_bitstream -jobs 8
[Sun Jan 18 19:04:47 2026] Launched synth_1...
Run output will be captured here: C:/Working/FPGA_Harman_25_1/_v08_0118_1708/_v08_0118_1708/260115_vga_spi_test/260115_vga_spi_test.runs/synth_1/runme.log
[Sun Jan 18 19:04:47 2026] Launched impl_1...
Run output will be captured here: C:/Working/FPGA_Harman_25_1/_v08_0118_1708/_v08_0118_1708/260115_vga_spi_test/260115_vga_spi_test.runs/impl_1/runme.log
reset_run impl_1
reset_run synth_1
launch_runs impl_1 -to_step write_bitstream -jobs 8
[Sun Jan 18 19:08:50 2026] Launched synth_1...
Run output will be captured here: C:/Working/FPGA_Harman_25_1/_v08_0118_1708/_v08_0118_1708/260115_vga_spi_test/260115_vga_spi_test.runs/synth_1/runme.log
[Sun Jan 18 19:08:50 2026] Launched impl_1...
Run output will be captured here: C:/Working/FPGA_Harman_25_1/_v08_0118_1708/_v08_0118_1708/260115_vga_spi_test/260115_vga_spi_test.runs/impl_1/runme.log
set_property PROBES.FILE {} [get_hw_devices xc7a35t_0]
set_property FULL_PROBES.FILE {} [get_hw_devices xc7a35t_0]
set_property PROGRAM.FILE {C:/Working/FPGA_Harman_25_1/_v08_0118_1708/_v08_0118_1708/260115_vga_spi_test/260115_vga_spi_test.runs/impl_1/top.bit} [get_hw_devices xc7a35t_0]
program_hw_devices [get_hw_devices xc7a35t_0]
INFO: [Labtools 27-3164] End of startup status: HIGH
refresh_hw_device [lindex [get_hw_devices xc7a35t_0] 0]
INFO: [Labtools 27-1434] Device xc7a35t (JTAG device index = 0) is programmed with a design that has no supported debug core(s) in it.
exit
INFO: [Common 17-206] Exiting Vivado at Sun Jan 18 19:27:37 2026...
