Archive member included to satisfy reference by file (symbol)

C:/ST/STM32CubeIDE_1.18.0/STM32CubeIDE/plugins/com.st.stm32cube.ide.mcu.externaltools.gnu-tools-for-stm32.13.3.rel1.win32_1.0.0.202411081344/tools/bin/../lib/gcc/arm-none-eabi/13.3.1/../../../../arm-none-eabi/lib/thumb/v7e-m+fp/hard\libc_nano.a(libc_a-exit.o)
                              C:/ST/STM32CubeIDE_1.18.0/STM32CubeIDE/plugins/com.st.stm32cube.ide.mcu.externaltools.gnu-tools-for-stm32.13.3.rel1.win32_1.0.0.202411081344/tools/bin/../lib/gcc/arm-none-eabi/13.3.1/../../../../arm-none-eabi/lib/thumb/v7e-m+fp/hard/crt0.o (exit)
C:/ST/STM32CubeIDE_1.18.0/STM32CubeIDE/plugins/com.st.stm32cube.ide.mcu.externaltools.gnu-tools-for-stm32.13.3.rel1.win32_1.0.0.202411081344/tools/bin/../lib/gcc/arm-none-eabi/13.3.1/../../../../arm-none-eabi/lib/thumb/v7e-m+fp/hard\libc_nano.a(libc_a-findfp.o)
                              ./Middlewares/Third_Party/FreeRTOS/Source/tasks.o (__sf)
C:/ST/STM32CubeIDE_1.18.0/STM32CubeIDE/plugins/com.st.stm32cube.ide.mcu.externaltools.gnu-tools-for-stm32.13.3.rel1.win32_1.0.0.202411081344/tools/bin/../lib/gcc/arm-none-eabi/13.3.1/../../../../arm-none-eabi/lib/thumb/v7e-m+fp/hard\libc_nano.a(libc_a-fwalk.o)
                              C:/ST/STM32CubeIDE_1.18.0/STM32CubeIDE/plugins/com.st.stm32cube.ide.mcu.externaltools.gnu-tools-for-stm32.13.3.rel1.win32_1.0.0.202411081344/tools/bin/../lib/gcc/arm-none-eabi/13.3.1/../../../../arm-none-eabi/lib/thumb/v7e-m+fp/hard\libc_nano.a(libc_a-findfp.o) (_fwalk_sglue)
C:/ST/STM32CubeIDE_1.18.0/STM32CubeIDE/plugins/com.st.stm32cube.ide.mcu.externaltools.gnu-tools-for-stm32.13.3.rel1.win32_1.0.0.202411081344/tools/bin/../lib/gcc/arm-none-eabi/13.3.1/../../../../arm-none-eabi/lib/thumb/v7e-m+fp/hard\libc_nano.a(libc_a-printf.o)
                              ./Core/ap/Controller/Controller_Tracking.o (printf)
C:/ST/STM32CubeIDE_1.18.0/STM32CubeIDE/plugins/com.st.stm32cube.ide.mcu.externaltools.gnu-tools-for-stm32.13.3.rel1.win32_1.0.0.202411081344/tools/bin/../lib/gcc/arm-none-eabi/13.3.1/../../../../arm-none-eabi/lib/thumb/v7e-m+fp/hard\libc_nano.a(libc_a-puts.o)
                              ./Core/Src/main.o (puts)
C:/ST/STM32CubeIDE_1.18.0/STM32CubeIDE/plugins/com.st.stm32cube.ide.mcu.externaltools.gnu-tools-for-stm32.13.3.rel1.win32_1.0.0.202411081344/tools/bin/../lib/gcc/arm-none-eabi/13.3.1/../../../../arm-none-eabi/lib/thumb/v7e-m+fp/hard\libc_nano.a(libc_a-sprintf.o)
                              ./Core/ap/Controller/Controller_Tracking.o (sprintf)
C:/ST/STM32CubeIDE_1.18.0/STM32CubeIDE/plugins/com.st.stm32cube.ide.mcu.externaltools.gnu-tools-for-stm32.13.3.rel1.win32_1.0.0.202411081344/tools/bin/../lib/gcc/arm-none-eabi/13.3.1/../../../../arm-none-eabi/lib/thumb/v7e-m+fp/hard\libc_nano.a(libc_a-stdio.o)
                              C:/ST/STM32CubeIDE_1.18.0/STM32CubeIDE/plugins/com.st.stm32cube.ide.mcu.externaltools.gnu-tools-for-stm32.13.3.rel1.win32_1.0.0.202411081344/tools/bin/../lib/gcc/arm-none-eabi/13.3.1/../../../../arm-none-eabi/lib/thumb/v7e-m+fp/hard\libc_nano.a(libc_a-findfp.o) (__sread)
C:/ST/STM32CubeIDE_1.18.0/STM32CubeIDE/plugins/com.st.stm32cube.ide.mcu.externaltools.gnu-tools-for-stm32.13.3.rel1.win32_1.0.0.202411081344/tools/bin/../lib/gcc/arm-none-eabi/13.3.1/../../../../arm-none-eabi/lib/thumb/v7e-m+fp/hard\libc_nano.a(libc_a-wbuf.o)
                              C:/ST/STM32CubeIDE_1.18.0/STM32CubeIDE/plugins/com.st.stm32cube.ide.mcu.externaltools.gnu-tools-for-stm32.13.3.rel1.win32_1.0.0.202411081344/tools/bin/../lib/gcc/arm-none-eabi/13.3.1/../../../../arm-none-eabi/lib/thumb/v7e-m+fp/hard\libc_nano.a(libc_a-puts.o) (__swbuf_r)
C:/ST/STM32CubeIDE_1.18.0/STM32CubeIDE/plugins/com.st.stm32cube.ide.mcu.externaltools.gnu-tools-for-stm32.13.3.rel1.win32_1.0.0.202411081344/tools/bin/../lib/gcc/arm-none-eabi/13.3.1/../../../../arm-none-eabi/lib/thumb/v7e-m+fp/hard\libc_nano.a(libc_a-wsetup.o)
                              C:/ST/STM32CubeIDE_1.18.0/STM32CubeIDE/plugins/com.st.stm32cube.ide.mcu.externaltools.gnu-tools-for-stm32.13.3.rel1.win32_1.0.0.202411081344/tools/bin/../lib/gcc/arm-none-eabi/13.3.1/../../../../arm-none-eabi/lib/thumb/v7e-m+fp/hard\libc_nano.a(libc_a-puts.o) (__swsetup_r)
C:/ST/STM32CubeIDE_1.18.0/STM32CubeIDE/plugins/com.st.stm32cube.ide.mcu.externaltools.gnu-tools-for-stm32.13.3.rel1.win32_1.0.0.202411081344/tools/bin/../lib/gcc/arm-none-eabi/13.3.1/../../../../arm-none-eabi/lib/thumb/v7e-m+fp/hard\libc_nano.a(libc_a-memset.o)
                              C:/ST/STM32CubeIDE_1.18.0/STM32CubeIDE/plugins/com.st.stm32cube.ide.mcu.externaltools.gnu-tools-for-stm32.13.3.rel1.win32_1.0.0.202411081344/tools/bin/../lib/gcc/arm-none-eabi/13.3.1/../../../../arm-none-eabi/lib/thumb/v7e-m+fp/hard/crt0.o (memset)
[...]
Memory Configuration

Name             Origin             Length             Attributes
RAM              0x20000000         0x00020000         xrw
FLASH            0x08000000         0x00080000         xr
*default*        0x00000000         0xffffffff

Linker script and memory map

LOAD C:/ST/STM32CubeIDE_1.18.0/STM32CubeIDE/plugins/com.st.stm32cube.ide.mcu.externaltools.gnu-tools-for-stm32.13.3.rel1.win32_1.0.0.202411081344/tools/bin/../lib/gcc/arm-none-eabi/13.3.1/thumb/v7e-m+fp/hard/crti.o
LOAD C:/ST/STM32CubeIDE_1.18.0/STM32CubeIDE/plugins/com.st.stm32cube.ide.mcu.externaltools.gnu-tools-for-stm32.13.3.rel1.win32_1.0.0.202411081344/tools/bin/../lib/gcc/arm-none-eabi/13.3.1/thumb/v7e-m+fp/hard/crtbegin.o
LOAD C:/ST/STM32CubeIDE_1.18.0/STM32CubeIDE/plugins/com.st.stm32cube.ide.mcu.externaltools.gnu-tools-for-stm32.13.3.rel1.win32_1.0.0.202411081344/tools/bin/../lib/gcc/arm-none-eabi/13.3.1/../../../../arm-none-eabi/lib/thumb/v7e-m+fp/hard/crt0.o
LOAD ./Core/Src/freertos.o
LOAD ./Core/Src/gpio.o
LOAD ./Core/Src/i2c.o
LOAD ./Core/Src/main.o
LOAD ./Core/Src/spi.o
LOAD ./Core/Src/stm32f4xx_hal_msp.o
LOAD ./Core/Src/stm32f4xx_hal_timebase_tim.o
LOAD ./Core/Src/stm32f4xx_it.o
LOAD ./Core/Src/syscalls.o
LOAD ./Core/Src/sysmem.o
LOAD ./Core/Src/system_stm32f4xx.o
LOAD ./Core/Src/tim.o
LOAD ./Core/Src/usart.o
LOAD ./Core/Startup/startup_stm32f411retx.o
LOAD ./Core/ap/Common/Common.o
LOAD ./Core/ap/Controller/Controller.o
LOAD ./Core/ap/Controller/Controller_Tracking.o
LOAD ./Core/ap/Listener/Listener.o
LOAD ./Core/ap/Listener/Listener_Tracking.o
LOAD ./Core/ap/Model/Model_Tracking.o
LOAD ./Core/ap/Presenter/Presenter.o
LOAD ./Core/ap/Presenter/Presenter_Tracking.o
LOAD ./Core/driver/SPI/SPI.o
LOAD ./Core/driver/ServoMotor/ServoMotor.o
LOAD ./Core/driver/button/button.o
LOAD ./Core/driver/lcd/lcd.o
LOAD ./Drivers/STM32F4xx_HAL_Driver/Src/stm32f4xx_hal.o
LOAD ./Drivers/STM32F4xx_HAL_Driver/Src/stm32f4xx_hal_cortex.o
LOAD ./Drivers/STM32F4xx_HAL_Driver/Src/stm32f4xx_hal_dma.o
LOAD ./Drivers/STM32F4xx_HAL_Driver/Src/stm32f4xx_hal_dma_ex.o
LOAD ./Drivers/STM32F4xx_HAL_Driver/Src/stm32f4xx_hal_exti.o
LOAD ./Drivers/STM32F4xx_HAL_Driver/Src/stm32f4xx_hal_flash.o
LOAD ./Drivers/STM32F4xx_HAL_Driver/Src/stm32f4xx_hal_flash_ex.o
LOAD ./Drivers/STM32F4xx_HAL_Driver/Src/stm32f4xx_hal_flash_ramfunc.o
LOAD ./Drivers/STM32F4xx_HAL_Driver/Src/stm32f4xx_hal_gpio.o
LOAD ./Drivers/STM32F4xx_HAL_Driver/Src/stm32f4xx_hal_i2c.o
LOAD ./Drivers/STM32F4xx_HAL_Driver/Src/stm32f4xx_hal_i2c_ex.o
LOAD ./Drivers/STM32F4xx_HAL_Driver/Src/stm32f4xx_hal_pwr.o
LOAD ./Drivers/STM32F4xx_HAL_Driver/Src/stm32f4xx_hal_pwr_ex.o
LOAD ./Drivers/STM32F4xx_HAL_Driver/Src/stm32f4xx_hal_rcc.o
LOAD ./Drivers/STM32F4xx_HAL_Driver/Src/stm32f4xx_hal_rcc_ex.o
LOAD ./Drivers/STM32F4xx_HAL_Driver/Src/stm32f4xx_hal_spi.o
LOAD ./Drivers/STM32F4xx_HAL_Driver/Src/stm32f4xx_hal_tim.o
LOAD ./Drivers/STM32F4xx_HAL_Driver/Src/stm32f4xx_hal_tim_ex.o
LOAD ./Drivers/STM32F4xx_HAL_Driver/Src/stm32f4xx_hal_uart.o
LOAD ./Middlewares/Third_Party/FreeRTOS/Source/CMSIS_RTOS/cmsis_os.o
LOAD ./Middlewares/Third_Party/FreeRTOS/Source/croutine.o
LOAD ./Middlewares/Third_Party/FreeRTOS/Source/event_groups.o
LOAD ./Middlewares/Third_Party/FreeRTOS/Source/list.o
LOAD ./Middlewares/Third_Party/FreeRTOS/Source/queue.o
LOAD ./Middlewares/Third_Party/FreeRTOS/Source/stream_buffer.o
LOAD ./Middlewares/Third_Party/FreeRTOS/Source/tasks.o
LOAD ./Middlewares/Third_Party/FreeRTOS/Source/timers.o
LOAD ./Middlewares/Third_Party/FreeRTOS/Source/portable/GCC/ARM_CM4F/port.o
LOAD ./Middlewares/Third_Party/FreeRTOS/Source/portable/MemMang/heap_4.o
START GROUP
LOAD C:/ST/STM32CubeIDE_1.18.0/STM32CubeIDE/plugins/com.st.stm32cube.ide.mcu.externaltools.gnu-tools-for-stm32.13.3.rel1.win32_1.0.0.202411081344/tools/bin/../lib/gcc/arm-none-eabi/13.3.1/../../../../arm-none-eabi/lib/thumb/v7e-m+fp/hard\libc_nano.a
LOAD C:/ST/STM32CubeIDE_1.18.0/STM32CubeIDE/plugins/com.st.stm32cube.ide.mcu.externaltools.gnu-tools-for-stm32.13.3.rel1.win32_1.0.0.202411081344/tools/bin/../lib/gcc/arm-none-eabi/13.3.1/../../../../arm-none-eabi/lib/thumb/v7e-m+fp/hard\libm.a
END GROUP
START GROUP
LOAD C:/ST/STM32CubeIDE_1.18.0/STM32CubeIDE/plugins/com.st.stm32cube.ide.mcu.externaltools.gnu-tools-for-stm32.13.3.rel1.win32_1.0.0.202411081344/tools/bin/../lib/gcc/arm-none-eabi/13.3.1/thumb/v7e-m+fp/hard\libgcc.a
LOAD C:/ST/STM32CubeIDE_1.18.0/STM32CubeIDE/plugins/com.st.stm32cube.ide.mcu.externaltools.gnu-tools-for-stm32.13.3.rel1.win32_1.0.0.202411081344/tools/bin/../lib/gcc/arm-none-eabi/13.3.1/../../../../arm-none-eabi/lib/thumb/v7e-m+fp/hard\libc_nano.a
END GROUP
START GROUP
LOAD C:/ST/STM32CubeIDE_1.18.0/STM32CubeIDE/plugins/com.st.stm32cube.ide.mcu.externaltools.gnu-tools-for-stm32.13.3.rel1.win32_1.0.0.202411081344/tools/bin/../lib/gcc/arm-none-eabi/13.3.1/thumb/v7e-m+fp/hard\libgcc.a
LOAD C:/ST/STM32CubeIDE_1.18.0/STM32CubeIDE/plugins/com.st.stm32cube.ide.mcu.externaltools.gnu-tools-for-stm32.13.3.rel1.win32_1.0.0.202411081344/tools/bin/../lib/gcc/arm-none-eabi/13.3.1/../../../../arm-none-eabi/lib/thumb/v7e-m+fp/hard\libc_nano.a
LOAD C:/ST/STM32CubeIDE_1.18.0/STM32CubeIDE/plugins/com.st.stm32cube.ide.mcu.externaltools.gnu-tools-for-stm32.13.3.rel1.win32_1.0.0.202411081344/tools/bin/../lib/gcc/arm-none-eabi/13.3.1/../../../../arm-none-eabi/lib/thumb/v7e-m+fp/hard\libnosys.a
END GROUP
START GROUP
LOAD C:/ST/STM32CubeIDE_1.18.0/STM32CubeIDE/plugins/com.st.stm32cube.ide.mcu.externaltools.gnu-tools-for-stm32.13.3.rel1.win32_1.0.0.202411081344/tools/bin/../lib/gcc/arm-none-eabi/13.3.1/thumb/v7e-m+fp/hard\libgcc.a
LOAD C:/ST/STM32CubeIDE_1.18.0/STM32CubeIDE/plugins/com.st.stm32cube.ide.mcu.externaltools.gnu-tools-for-stm32.13.3.rel1.win32_1.0.0.202411081344/tools/bin/../lib/gcc/arm-none-eabi/13.3.1/../../../../arm-none-eabi/lib/thumb/v7e-m+fp/hard\libc_nano.a
LOAD C:/ST/STM32CubeIDE_1.18.0/STM32CubeIDE/plugins/com.st.stm32cube.ide.mcu.externaltools.gnu-tools-for-stm32.13.3.rel1.win32_1.0.0.202411081344/tools/bin/../lib/gcc/arm-none-eabi/13.3.1/../../../../arm-none-eabi/lib/thumb/v7e-m+fp/hard\libnosys.a
END GROUP
LOAD C:/ST/STM32CubeIDE_1.18.0/STM32CubeIDE/plugins/com.st.stm32cube.ide.mcu.externaltools.gnu-tools-for-stm32.13.3.rel1.win32_1.0.0.202411081344/tools/bin/../lib/gcc/arm-none-eabi/13.3.1/thumb/v7e-m+fp/hard/crtend.o
LOAD C:/ST/STM32CubeIDE_1.18.0/STM32CubeIDE/plugins/com.st.stm32cube.ide.mcu.externaltools.gnu-tools-for-stm32.13.3.rel1.win32_1.0.0.202411081344/tools/bin/../lib/gcc/arm-none-eabi/13.3.1/thumb/v7e-m+fp/hard/crtn.o
                0x20020000                        _estack = (ORIGIN (RAM) + LENGTH (RAM))
                0x00000200                        _Min_Heap_Size = 0x200
                0x00000400                        _Min_Stack_Size = 0x400

.isr_vector     0x08000000      0x198
                0x08000000                        . = ALIGN (0x4)
 *(.isr_vector)
 .isr_vector    0x08000000      0x198 ./Core/Startup/startup_stm32f411retx.o
                0x08000000                g_pfnVectors
                0x08000198                        . = ALIGN (0x4)

.text           0x080001a0     0x8dd4
                0x080001a0                        . = ALIGN (0x4)
 *(.text)
 .text          0x080001a0       0x40 C:/ST/STM32CubeIDE_1.18.0/STM32CubeIDE/plugins/com.st.stm32cube.ide.mcu.externaltools.gnu-tools-for-stm32.13.3.rel1.win32_1.0.0.202411081344/tools/bin/../lib/gcc/arm-none-eabi/13.3.1/thumb/v7e-m+fp/hard/crtbegin.o
 .text          0x080001e0       0x10 C:/ST/STM32CubeIDE_1.18.0/STM32CubeIDE/plugins/com.st.stm32cube.ide.mcu.externaltools.gnu-tools-for-stm32.13.3.rel1.win32_1.0.0.202411081344/tools/bin/../lib/gcc/arm-none-eabi/13.3.1/../../../../arm-none-eabi/lib/thumb/v7e-m+fp/hard\libc_nano.a(libc_a-strlen.o)
                0x080001e0                strlen
 .text          0x080001f0       0xa0 C:/ST/STM32CubeIDE_1.18.0/STM32CubeIDE/plugins/com.st.stm32cube.ide.mcu.externaltools.gnu-tools-for-stm32.13.3.rel1.win32_1.0.0.202411081344/tools/bin/../lib/gcc/arm-none-eabi/13.3.1/../../../../arm-none-eabi/lib/thumb/v7e-m+fp/hard\libc_nano.a(libc_a-memchr.o)
                0x080001f0                memchr
 .text          0x08000290       0x30 C:/ST/STM32CubeIDE_1.18.0/STM32CubeIDE/plugins/com.st.stm32cube.ide.mcu.externaltools.gnu-tools-for-stm32.13.3.rel1.win32_1.0.0.202411081344/tools/bin/../lib/gcc/arm-none-eabi/13.3.1/thumb/v7e-m+fp/hard\libgcc.a(_aeabi_uldivmod.o)
                0x08000290                __aeabi_uldivmod
 .text          0x080002c0      0x2f8 C:/ST/STM32CubeIDE_1.18.0/STM32CubeIDE/plugins/com.st.stm32cube.ide.mcu.externaltools.gnu-tools-for-stm32.13.3.rel1.win32_1.0.0.202411081344/tools/bin/../lib/gcc/arm-none-eabi/13.3.1/thumb/v7e-m+fp/hard\libgcc.a(_udivmoddi4.o)
                0x080002c0                __udivmoddi4
 .text          0x080005b8        0x4 C:/ST/STM32CubeIDE_1.18.0/STM32CubeIDE/plugins/com.st.stm32cube.ide.mcu.externaltools.gnu-tools-for-stm32.13.3.rel1.win32_1.0.0.202411081344/tools/bin/../lib/gcc/arm-none-eabi/13.3.1/thumb/v7e-m+fp/hard\libgcc.a(_dvmd_tls.o)
                0x080005b8                __aeabi_idiv0
                0x080005b8                __aeabi_ldiv0
 *(.text*)
 .text.vApplicationGetIdleTaskMemory
                0x080005bc       0x34 ./Core/Src/freertos.o
                0x080005bc                vApplicationGetIdleTaskMemory
 .text.MX_FREERTOS_Init
                0x080005f0       0xc8 ./Core/Src/freertos.o
                0x080005f0                MX_FREERTOS_Init
 .text.StartDefaultTask
                0x080006b8       0x10 ./Core/Src/freertos.o
                0x080006b8                StartDefaultTask
 .text.Listener
                0x080006c8       0x1a ./Core/Src/freertos.o
                0x080006c8                Listener
 .text.Controller
                0x080006e2       0x1a ./Core/Src/freertos.o
                0x080006e2                Controller
 .text.Presenter
                0x080006fc       0x1a ./Core/Src/freertos.o
                0x080006fc                Presenter
 *fill*         0x08000716        0x2 
 .text.MX_GPIO_Init
                0x08000718      0x118 ./Core/Src/gpio.o
                0x08000718                MX_GPIO_Init
 .text.MX_I2C1_Init
                0x08000830       0x5c ./Core/Src/i2c.o
                0x08000830                MX_I2C1_Init
 .text.HAL_I2C_MspInit
                0x0800088c       0x90 ./Core/Src/i2c.o
                0x0800088c                HAL_I2C_MspInit
 .text.main     0x0800091c       0x58 ./Core/Src/main.o
                0x0800091c                main
 .text.SystemClock_Config
                0x08000974       0xd0 ./Core/Src/main.o
                0x08000974                SystemClock_Config
 .text.HAL_TIM_PeriodElapsedCallback
                0x08000a44       0x34 ./Core/Src/main.o
                0x08000a44                HAL_TIM_PeriodElapsedCallback
 .text.Error_Handler
                0x08000a78        0xc ./Core/Src/main.o
                0x08000a78                Error_Handler
 .text.MX_SPI1_Init
                0x08000a84       0x6c ./Core/Src/spi.o
                0x08000a84                MX_SPI1_Init
 .text.HAL_SPI_MspInit
                0x08000af0       0xa0 ./Core/Src/spi.o
                0x08000af0                HAL_SPI_MspInit
 .text.HAL_MspInit
                0x08000b90       0x58 ./Core/Src/stm32f4xx_hal_msp.o
                0x08000b90                HAL_MspInit
 .text.HAL_InitTick
                0x08000be8       0xe4 ./Core/Src/stm32f4xx_hal_timebase_tim.o
                0x08000be8                HAL_InitTick
 .text.NMI_Handler
                0x08000ccc        0x8 ./Core/Src/stm32f4xx_it.o
                0x08000ccc                NMI_Handler
 .text.HardFault_Handler
                0x08000cd4        0x8 ./Core/Src/stm32f4xx_it.o
                0x08000cd4                HardFault_Handler
 .text.MemManage_Handler
                0x08000cdc        0x8 ./Core/Src/stm32f4xx_it.o
                0x08000cdc                MemManage_Handler
 .text.BusFault_Handler
                0x08000ce4        0x8 ./Core/Src/stm32f4xx_it.o
                0x08000ce4                BusFault_Handler
 .text.UsageFault_Handler
                0x08000cec        0x8 ./Core/Src/stm32f4xx_it.o
                0x08000cec                UsageFault_Handler
 .text.DebugMon_Handler
                0x08000cf4        0xe ./Core/Src/stm32f4xx_it.o
                0x08000cf4                DebugMon_Handler
 *fill*         0x08000d02        0x2 
 .text.TIM1_UP_TIM10_IRQHandler
                0x08000d04       0x14 ./Core/Src/stm32f4xx_it.o
                0x08000d04                TIM1_UP_TIM10_IRQHandler
 .text.TIM1_TRG_COM_TIM11_IRQHandler
                0x08000d18       0x1c ./Core/Src/stm32f4xx_it.o
                0x08000d18                TIM1_TRG_COM_TIM11_IRQHandler
 .text.TIM3_IRQHandler
                0x08000d34       0x14 ./Core/Src/stm32f4xx_it.o
                0x08000d34                TIM3_IRQHandler
 .text.SPI1_IRQHandler
                0x08000d48      0x104 ./Core/Src/stm32f4xx_it.o
                0x08000d48                SPI1_IRQHandler
 .text._read    0x08000e4c       0x3a ./Core/Src/syscalls.o
                0x08000e4c                _read
 .text._write   0x08000e86       0x38 ./Core/Src/syscalls.o
                0x08000e86                _write
 .text._close   0x08000ebe       0x18 ./Core/Src/syscalls.o
                0x08000ebe                _close
 .text._fstat   0x08000ed6       0x20 ./Core/Src/syscalls.o
                0x08000ed6                _fstat
 .text._isatty  0x08000ef6       0x16 ./Core/Src/syscalls.o
                0x08000ef6                _isatty
 .text._lseek   0x08000f0c       0x1a ./Core/Src/syscalls.o
                0x08000f0c                _lseek
 *fill*         0x08000f26        0x2 
 .text._sbrk    0x08000f28       0x6c ./Core/Src/sysmem.o
                0x08000f28                _sbrk
 .text.SystemInit
                0x08000f94       0x24 ./Core/Src/system_stm32f4xx.o
                0x08000f94                SystemInit
 .text.MX_TIM1_Init
                0x08000fb8       0xa0 ./Core/Src/tim.o
                0x08000fb8                MX_TIM1_Init
 .text.MX_TIM2_Init
                0x08001058      0x100 ./Core/Src/tim.o
                0x08001058                MX_TIM2_Init
 .text.MX_TIM3_Init
                0x08001158      0x130 ./Core/Src/tim.o
                0x08001158                MX_TIM3_Init
 .text.HAL_TIM_Base_MspInit
                0x08001288       0xc4 ./Core/Src/tim.o
                0x08001288                HAL_TIM_Base_MspInit
 .text.HAL_TIM_MspPostInit
                0x0800134c       0xc0 ./Core/Src/tim.o
                0x0800134c                HAL_TIM_MspPostInit
 .text.MX_USART2_UART_Init
                0x0800140c       0x54 ./Core/Src/usart.o
                0x0800140c                MX_USART2_UART_Init
 .text.HAL_UART_MspInit
                0x08001460       0x90 ./Core/Src/usart.o
                0x08001460                HAL_UART_MspInit
 .text.Reset_Handler
                0x080014f0       0x50 ./Core/Startup/startup_stm32f411retx.o
                0x080014f0                Reset_Handler
 .text.Default_Handler
                0x08001540        0x2 ./Core/Startup/startup_stm32f411retx.o
                0x08001540                RTC_Alarm_IRQHandler
                0x08001540                EXTI2_IRQHandler
                0x08001540                SPI4_IRQHandler
                0x08001540                TIM1_CC_IRQHandler
                0x08001540                DMA2_Stream5_IRQHandler
                0x08001540                DMA1_Stream5_IRQHandler
                0x08001540                PVD_IRQHandler
                0x08001540                SDIO_IRQHandler
                0x08001540                TAMP_STAMP_IRQHandler
                0x08001540                EXTI3_IRQHandler
                0x08001540                I2C3_ER_IRQHandler
                0x08001540                EXTI0_IRQHandler
                0x08001540                I2C2_EV_IRQHandler
                0x08001540                DMA1_Stream2_IRQHandler
                0x08001540                FPU_IRQHandler
                0x08001540                DMA2_Stream2_IRQHandler
                0x08001540                TIM1_BRK_TIM9_IRQHandler
                0x08001540                DMA2_Stream3_IRQHandler
                0x08001540                USART6_IRQHandler
                0x08001540                DMA2_Stream0_IRQHandler
                0x08001540                TIM4_IRQHandler
                0x08001540                I2C1_EV_IRQHandler
                0x08001540                DMA1_Stream6_IRQHandler
                0x08001540                DMA1_Stream1_IRQHandler
                0x08001540                RCC_IRQHandler
                0x08001540                Default_Handler
                0x08001540                EXTI15_10_IRQHandler
                0x08001540                ADC_IRQHandler
                0x08001540                DMA1_Stream7_IRQHandler
                0x08001540                SPI5_IRQHandler
                0x08001540                TIM5_IRQHandler
                0x08001540                DMA2_Stream7_IRQHandler
                0x08001540                I2C3_EV_IRQHandler
                0x08001540                EXTI9_5_IRQHandler
                0x08001540                RTC_WKUP_IRQHandler
                0x08001540                SPI2_IRQHandler
                0x08001540                DMA1_Stream0_IRQHandler
                0x08001540                EXTI4_IRQHandler
                0x08001540                WWDG_IRQHandler
                0x08001540                TIM2_IRQHandler
                0x08001540                OTG_FS_WKUP_IRQHandler
                0x08001540                EXTI1_IRQHandler
                0x08001540                USART2_IRQHandler
                0x08001540                I2C2_ER_IRQHandler
                0x08001540                DMA2_Stream1_IRQHandler
                0x08001540                FLASH_IRQHandler
                0x08001540                DMA2_Stream4_IRQHandler
                0x08001540                USART1_IRQHandler
                0x08001540                OTG_FS_IRQHandler
                0x08001540                SPI3_IRQHandler
                0x08001540                DMA1_Stream4_IRQHandler
                0x08001540                I2C1_ER_IRQHandler
                0x08001540                DMA2_Stream6_IRQHandler
                0x08001540                DMA1_Stream3_IRQHandler
 *fill*         0x08001542        0x2 
 .text.Common_StartTIMInterrupt
                0x08001544       0x14 ./Core/ap/Common/Common.o
                0x08001544                Common_StartTIMInterrupt
 .text.Controller_Init
                0x08001558        0xc ./Core/ap/Controller/Controller.o
                0x08001558                Controller_Init
 .text.Controller_Excute
                0x08001564        0xc ./Core/ap/Controller/Controller.o
                0x08001564                Controller_Excute
 .text.Controller_Tracking_Init
                0x08001570       0x10 ./Core/ap/Controller/Controller_Tracking.o
                0x08001570                Controller_Tracking_Init
 .text.Controller_Tracking_Excute
                0x08001580       0x3c ./Core/ap/Controller/Controller_Tracking.o
                0x08001580                Controller_Tracking_Excute
 .text.Controller_Tracking_HandleSignal
                0x080015bc      0x110 ./Core/ap/Controller/Controller_Tracking.o
                0x080015bc                Controller_Tracking_HandleSignal
 .text.Controller_Tracking_UpdateState
                0x080016cc       0xec ./Core/ap/Controller/Controller_Tracking.o
                0x080016cc                Controller_Tracking_UpdateState
 .text.Controller_Tracking_Idle
                0x080017b8       0x1e ./Core/ap/Controller/Controller_Tracking.o
                0x080017b8                Controller_Tracking_Idle
 .text.Controller_Tracking_Search
                0x080017d6       0x2c ./Core/ap/Controller/Controller_Tracking.o
                0x080017d6                Controller_Tracking_Search
 .text.Controller_Tracking_Follow
                0x08001802       0x2c ./Core/ap/Controller/Controller_Tracking.o
                0x08001802                Controller_Tracking_Follow
 .text.Controller_Tracking_Lost
                0x0800182e       0x1e ./Core/ap/Controller/Controller_Tracking.o
                0x0800182e                Controller_Tracking_Lost
 .text.Controller_Tracking_Aimed
                0x0800184c       0x1e ./Core/ap/Controller/Controller_Tracking.o
                0x0800184c                Controller_Tracking_Aimed
 *fill*         0x0800186a        0x2 
 .text.Controller_Tracking_ResetData
                0x0800186c       0x3c ./Core/ap/Controller/Controller_Tracking.o
                0x0800186c                Controller_Tracking_ResetData
 .text.Controller_Tracking_PushData
                0x080018a8       0x5c ./Core/ap/Controller/Controller_Tracking.o
                0x080018a8                Controller_Tracking_PushData
 .text.Controller_Tracking_Unpack
                0x08001904       0x58 ./Core/ap/Controller/Controller_Tracking.o
                0x08001904                Controller_Tracking_Unpack
 .text.Listener_Init
                0x0800195c       0x30 ./Core/ap/Listener/Listener.o
                0x0800195c                Listener_Init
 .text.Listener_Excute
                0x0800198c        0xc ./Core/ap/Listener/Listener.o
                0x0800198c                Listener_Excute
 .text.Listener_Tracking_Init
                0x08001998       0xac ./Core/ap/Listener/Listener_Tracking.o
                0x08001998                Listener_Tracking_Init
 .text.Listener_Tracking_CheckButton
                0x08001a44      0x12c ./Core/ap/Listener/Listener_Tracking.o
                0x08001a44                Listener_Tracking_CheckButton
 .text.Listener_Tracking_TIM_ISR
                0x08001b70       0x1c ./Core/ap/Listener/Listener_Tracking.o
                0x08001b70                Listener_Tracking_TIM_ISR
 .text.Listener_Tracking_StartReceive
                0x08001b8c       0x74 ./Core/ap/Listener/Listener_Tracking.o
                0x08001b8c                Listener_Tracking_StartReceive
 .text.Listener_Tracking_Excute
                0x08001c00        0xc ./Core/ap/Listener/Listener_Tracking.o
                0x08001c00                Listener_Tracking_Excute
 .text.Model_TrackingInit
                0x08001c0c       0x5c ./Core/ap/Model/Model_Tracking.o
                0x08001c0c                Model_TrackingInit
 .text.Model_SetTrackingState
                0x08001c68       0x20 ./Core/ap/Model/Model_Tracking.o
                0x08001c68                Model_SetTrackingState
 .text.Model_GetTrackingState
                0x08001c88       0x18 ./Core/ap/Model/Model_Tracking.o
                0x08001c88                Model_GetTrackingState
 .text.Presenter_Init
                0x08001ca0        0xc ./Core/ap/Presenter/Presenter.o
                0x08001ca0                Presenter_Init
 .text.Presenter_Excute
                0x08001cac        0xc ./Core/ap/Presenter/Presenter.o
                0x08001cac                Presenter_Excute
 .text.Presenter_Tracking_Init
                0x08001cb8       0x58 ./Core/ap/Presenter/Presenter_Tracking.o
                0x08001cb8                Presenter_Tracking_Init
 .text.Presenter_Tracking_Excute
                0x08001d10       0xa8 ./Core/ap/Presenter/Presenter_Tracking.o
                0x08001d10                Presenter_Tracking_Excute
 .text.Presenter_Tracking_UpdateState
                0x08001db8       0x50 ./Core/ap/Presenter/Presenter_Tracking.o
                0x08001db8                Presenter_Tracking_UpdateState
 .text.Presenter_Tracking_ManageServoPower
                0x08001e08       0x58 ./Core/ap/Presenter/Presenter_Tracking.o
                0x08001e08                Presenter_Tracking_ManageServoPower
 .text.Servo_Init
                0x08001e60       0x50 ./Core/driver/ServoMotor/ServoMotor.o
                0x08001e60                Servo_Init
 .text.Servo_SetAngle
                0x08001eb0       0xf0 ./Core/driver/ServoMotor/ServoMotor.o
                0x08001eb0                Servo_SetAngle
 .text.Servo_Enable
                0x08001fa0       0x20 ./Core/driver/ServoMotor/ServoMotor.o
                0x08001fa0                Servo_Enable
 .text.Servo_Disable
                0x08001fc0       0x20 ./Core/driver/ServoMotor/ServoMotor.o
                0x08001fc0                Servo_Disable
 .text.Button_Init
                0x08001fe0       0x2a ./Core/driver/button/button.o
                0x08001fe0                Button_Init
 .text.Button_GetState
                0x0800200a       0x64 ./Core/driver/button/button.o
                0x0800200a                Button_GetState
 *fill*         0x0800206e        0x2 
 .text.LCD_CmdMode
                0x08002070       0x20 ./Core/driver/lcd/lcd.o
                0x08002070                LCD_CmdMode
 .text.LCD_WriteMode
                0x08002090       0x20 ./Core/driver/lcd/lcd.o
                0x08002090                LCD_WriteMode
 .text.LCD_SendData
                0x080020b0       0x2c ./Core/driver/lcd/lcd.o
                0x080020b0                LCD_SendData
 .text.LCD_E_High
                0x080020dc       0x24 ./Core/driver/lcd/lcd.o
                0x080020dc                LCD_E_High
 .text.LCD_E_Low
                0x08002100       0x24 ./Core/driver/lcd/lcd.o
                0x08002100                LCD_E_Low
 .text.LCD_WriteNibble
                0x08002124       0x48 ./Core/driver/lcd/lcd.o
                0x08002124                LCD_WriteNibble
 .text.LCD_WriteByte
                0x0800216c       0x28 ./Core/driver/lcd/lcd.o
                0x0800216c                LCD_WriteByte
 .text.LCD_BackLightOn
                0x08002194       0x24 ./Core/driver/lcd/lcd.o
                0x08002194                LCD_BackLightOn
 .text.LCD_Init
                0x080021b8       0x70 ./Core/driver/lcd/lcd.o
                0x080021b8                LCD_Init
 .text.HAL_Init
                0x08002228       0x44 ./Drivers/STM32F4xx_HAL_Driver/Src/stm32f4xx_hal.o
                0x08002228                HAL_Init
 .text.HAL_IncTick
                0x0800226c       0x28 ./Drivers/STM32F4xx_HAL_Driver/Src/stm32f4xx_hal.o
                0x0800226c                HAL_IncTick
 .text.HAL_GetTick
                0x08002294       0x18 ./Drivers/STM32F4xx_HAL_Driver/Src/stm32f4xx_hal.o
                0x08002294                HAL_GetTick
 .text.HAL_Delay
                0x080022ac       0x48 ./Drivers/STM32F4xx_HAL_Driver/Src/stm32f4xx_hal.o
                0x080022ac                HAL_Delay
 .text.__NVIC_SetPriorityGrouping
                0x080022f4       0x48 ./Drivers/STM32F4xx_HAL_Driver/Src/stm32f4xx_hal_cortex.o
 .text.__NVIC_GetPriorityGrouping
                0x0800233c       0x1c ./Drivers/STM32F4xx_HAL_Driver/Src/stm32f4xx_hal_cortex.o
 .text.__NVIC_EnableIRQ
                0x08002358       0x3c ./Drivers/STM32F4xx_HAL_Driver/Src/stm32f4xx_hal_cortex.o
 .text.__NVIC_SetPriority
                0x08002394       0x54 ./Drivers/STM32F4xx_HAL_Driver/Src/stm32f4xx_hal_cortex.o
 .text.NVIC_EncodePriority
                0x080023e8       0x66 ./Drivers/STM32F4xx_HAL_Driver/Src/stm32f4xx_hal_cortex.o
 .text.HAL_NVIC_SetPriorityGrouping
                0x0800244e       0x16 ./Drivers/STM32F4xx_HAL_Driver/Src/stm32f4xx_hal_cortex.o
                0x0800244e                HAL_NVIC_SetPriorityGrouping
 .text.HAL_NVIC_SetPriority
                0x08002464       0x38 ./Drivers/STM32F4xx_HAL_Driver/Src/stm32f4xx_hal_cortex.o
                0x08002464                HAL_NVIC_SetPriority
 .text.HAL_NVIC_EnableIRQ
                0x0800249c       0x1c ./Drivers/STM32F4xx_HAL_Driver/Src/stm32f4xx_hal_cortex.o
                0x0800249c                HAL_NVIC_EnableIRQ
 .text.HAL_GPIO_Init
                0x080024b8      0x308 ./Drivers/STM32F4xx_HAL_Driver/Src/stm32f4xx_hal_gpio.o
                0x080024b8                HAL_GPIO_Init
 .text.HAL_GPIO_ReadPin
                0x080027c0       0x30 ./Drivers/STM32F4xx_HAL_Driver/Src/stm32f4xx_hal_gpio.o
                0x080027c0                HAL_GPIO_ReadPin
 .text.HAL_GPIO_WritePin
                0x080027f0       0x32 ./Drivers/STM32F4xx_HAL_Driver/Src/stm32f4xx_hal_gpio.o
                0x080027f0                HAL_GPIO_WritePin
 *fill*         0x08002822        0x2 
 .text.HAL_I2C_Init
                0x08002824      0x288 ./Drivers/STM32F4xx_HAL_Driver/Src/stm32f4xx_hal_i2c.o
                0x08002824                HAL_I2C_Init
 .text.HAL_I2C_Master_Transmit
                0x08002aac      0x1fc ./Drivers/STM32F4xx_HAL_Driver/Src/stm32f4xx_hal_i2c.o
                0x08002aac                HAL_I2C_Master_Transmit
 .text.I2C_MasterRequestWrite
                0x08002ca8      0x104 ./Drivers/STM32F4xx_HAL_Driver/Src/stm32f4xx_hal_i2c.o
 .text.I2C_WaitOnFlagUntilTimeout
                0x08002dac       0xf4 ./Drivers/STM32F4xx_HAL_Driver/Src/stm32f4xx_hal_i2c.o
 .text.I2C_WaitOnMasterAddressFlagUntilTimeout
                0x08002ea0      0x140 ./Drivers/STM32F4xx_HAL_Driver/Src/stm32f4xx_hal_i2c.o
 .text.I2C_WaitOnTXEFlagUntilTimeout
                0x08002fe0       0x90 ./Drivers/STM32F4xx_HAL_Driver/Src/stm32f4xx_hal_i2c.o
 .text.I2C_WaitOnBTFFlagUntilTimeout
                0x08003070       0x90 ./Drivers/STM32F4xx_HAL_Driver/Src/stm32f4xx_hal_i2c.o
 .text.I2C_IsAcknowledgeFailed
                0x08003100       0x5e ./Drivers/STM32F4xx_HAL_Driver/Src/stm32f4xx_hal_i2c.o
 *fill*         0x0800315e        0x2 
 .text.HAL_RCC_OscConfig
                0x08003160      0x4f0 ./Drivers/STM32F4xx_HAL_Driver/Src/stm32f4xx_hal_rcc.o
                0x08003160                HAL_RCC_OscConfig
 .text.HAL_RCC_ClockConfig
                0x08003650      0x1cc ./Drivers/STM32F4xx_HAL_Driver/Src/stm32f4xx_hal_rcc.o
                0x08003650                HAL_RCC_ClockConfig
 .text.HAL_RCC_GetSysClockFreq
                0x0800381c      0x20c ./Drivers/STM32F4xx_HAL_Driver/Src/stm32f4xx_hal_rcc.o
                0x0800381c                HAL_RCC_GetSysClockFreq
 .text.HAL_RCC_GetHCLKFreq
                0x08003a28       0x18 ./Drivers/STM32F4xx_HAL_Driver/Src/stm32f4xx_hal_rcc.o
                0x08003a28                HAL_RCC_GetHCLKFreq
 .text.HAL_RCC_GetPCLK1Freq
                0x08003a40       0x28 ./Drivers/STM32F4xx_HAL_Driver/Src/stm32f4xx_hal_rcc.o
                0x08003a40                HAL_RCC_GetPCLK1Freq
 .text.HAL_RCC_GetPCLK2Freq
                0x08003a68       0x28 ./Drivers/STM32F4xx_HAL_Driver/Src/stm32f4xx_hal_rcc.o
                0x08003a68                HAL_RCC_GetPCLK2Freq
 .text.HAL_RCC_GetClockConfig
                0x08003a90       0x64 ./Drivers/STM32F4xx_HAL_Driver/Src/stm32f4xx_hal_rcc.o
                0x08003a90                HAL_RCC_GetClockConfig
 .text.HAL_SPI_Init
                0x08003af4      0x112 ./Drivers/STM32F4xx_HAL_Driver/Src/stm32f4xx_hal_spi.o
                0x08003af4                HAL_SPI_Init
 .text.HAL_TIM_Base_Init
                0x08003c06       0x9e ./Drivers/STM32F4xx_HAL_Driver/Src/stm32f4xx_hal_tim.o
                0x08003c06                HAL_TIM_Base_Init
 .text.HAL_TIM_Base_Start_IT
                0x08003ca4       0xc4 ./Drivers/STM32F4xx_HAL_Driver/Src/stm32f4xx_hal_tim.o
                0x08003ca4                HAL_TIM_Base_Start_IT
 .text.HAL_TIM_PWM_Init
                0x08003d68       0x9e ./Drivers/STM32F4xx_HAL_Driver/Src/stm32f4xx_hal_tim.o
                0x08003d68                HAL_TIM_PWM_Init
 .text.HAL_TIM_PWM_MspInit
                0x08003e06       0x14 ./Drivers/STM32F4xx_HAL_Driver/Src/stm32f4xx_hal_tim.o
                0x08003e06                HAL_TIM_PWM_MspInit
 *fill*         0x08003e1a        0x2 
 .text.HAL_TIM_PWM_Start
                0x08003e1c      0x160 ./Drivers/STM32F4xx_HAL_Driver/Src/stm32f4xx_hal_tim.o
                0x08003e1c                HAL_TIM_PWM_Start
 .text.HAL_TIM_PWM_Stop
                0x08003f7c       0xc8 ./Drivers/STM32F4xx_HAL_Driver/Src/stm32f4xx_hal_tim.o
                0x08003f7c                HAL_TIM_PWM_Stop
 .text.HAL_TIM_IRQHandler
                0x08004044      0x1e0 ./Drivers/STM32F4xx_HAL_Driver/Src/stm32f4xx_hal_tim.o
                0x08004044                HAL_TIM_IRQHandler
 .text.HAL_TIM_PWM_ConfigChannel
                0x08004224      0x184 ./Drivers/STM32F4xx_HAL_Driver/Src/stm32f4xx_hal_tim.o
                0x08004224                HAL_TIM_PWM_ConfigChannel
 .text.HAL_TIM_ConfigClockSource
                0x080043a8      0x18e ./Drivers/STM32F4xx_HAL_Driver/Src/stm32f4xx_hal_tim.o
                0x080043a8                HAL_TIM_ConfigClockSource
 .text.HAL_TIM_OC_DelayElapsedCallback
                0x08004536       0x14 ./Drivers/STM32F4xx_HAL_Driver/Src/stm32f4xx_hal_tim.o
                0x08004536                HAL_TIM_OC_DelayElapsedCallback
 .text.HAL_TIM_IC_CaptureCallback
                0x0800454a       0x14 ./Drivers/STM32F4xx_HAL_Driver/Src/stm32f4xx_hal_tim.o
                0x0800454a                HAL_TIM_IC_CaptureCallback
 .text.HAL_TIM_PWM_PulseFinishedCallback
                0x0800455e       0x14 ./Drivers/STM32F4xx_HAL_Driver/Src/stm32f4xx_hal_tim.o
                0x0800455e                HAL_TIM_PWM_PulseFinishedCallback
 .text.HAL_TIM_TriggerCallback
                0x08004572       0x14 ./Drivers/STM32F4xx_HAL_Driver/Src/stm32f4xx_hal_tim.o
                0x08004572                HAL_TIM_TriggerCallback
 *fill*         0x08004586        0x2 
 .text.TIM_Base_SetConfig
                0x08004588      0x10c ./Drivers/STM32F4xx_HAL_Driver/Src/stm32f4xx_hal_tim.o
                0x08004588                TIM_Base_SetConfig
 .text.TIM_OC1_SetConfig
                0x08004694       0xcc ./Drivers/STM32F4xx_HAL_Driver/Src/stm32f4xx_hal_tim.o
 .text.TIM_OC2_SetConfig
                0x08004760       0xd8 ./Drivers/STM32F4xx_HAL_Driver/Src/stm32f4xx_hal_tim.o
                0x08004760                TIM_OC2_SetConfig
 .text.TIM_OC3_SetConfig
                0x08004838       0xd4 ./Drivers/STM32F4xx_HAL_Driver/Src/stm32f4xx_hal_tim.o
 .text.TIM_OC4_SetConfig
                0x0800490c       0xa0 ./Drivers/STM32F4xx_HAL_Driver/Src/stm32f4xx_hal_tim.o
 .text.TIM_TI1_ConfigInputStage
                0x080049ac       0x5e ./Drivers/STM32F4xx_HAL_Driver/Src/stm32f4xx_hal_tim.o
 .text.TIM_TI2_ConfigInputStage
                0x08004a0a       0x60 ./Drivers/STM32F4xx_HAL_Driver/Src/stm32f4xx_hal_tim.o
 .text.TIM_ITRx_SetConfig
                0x08004a6a       0x36 ./Drivers/STM32F4xx_HAL_Driver/Src/stm32f4xx_hal_tim.o
 .text.TIM_ETR_SetConfig
                0x08004aa0       0x40 ./Drivers/STM32F4xx_HAL_Driver/Src/stm32f4xx_hal_tim.o
                0x08004aa0                TIM_ETR_SetConfig
 .text.TIM_CCxChannelCmd
                0x08004ae0       0x4a ./Drivers/STM32F4xx_HAL_Driver/Src/stm32f4xx_hal_tim.o
                0x08004ae0                TIM_CCxChannelCmd
 *fill*         0x08004b2a        0x2 
 .text.HAL_TIMEx_MasterConfigSynchronization
                0x08004b2c       0xdc ./Drivers/STM32F4xx_HAL_Driver/Src/stm32f4xx_hal_tim_ex.o
                0x08004b2c                HAL_TIMEx_MasterConfigSynchronization
 .text.HAL_TIMEx_CommutCallback
                0x08004c08       0x14 ./Drivers/STM32F4xx_HAL_Driver/Src/stm32f4xx_hal_tim_ex.o
                0x08004c08                HAL_TIMEx_CommutCallback
 .text.HAL_TIMEx_BreakCallback
                0x08004c1c       0x14 ./Drivers/STM32F4xx_HAL_Driver/Src/stm32f4xx_hal_tim_ex.o
                0x08004c1c                HAL_TIMEx_BreakCallback
 .text.HAL_UART_Init
                0x08004c30       0xa0 ./Drivers/STM32F4xx_HAL_Driver/Src/stm32f4xx_hal_uart.o
                0x08004c30                HAL_UART_Init
 .text.HAL_UART_Transmit
                0x08004cd0      0x116 ./Drivers/STM32F4xx_HAL_Driver/Src/stm32f4xx_hal_uart.o
                0x08004cd0                HAL_UART_Transmit
 .text.UART_WaitOnFlagUntilTimeout
                0x08004de6       0xb2 ./Drivers/STM32F4xx_HAL_Driver/Src/stm32f4xx_hal_uart.o
 .text.UART_EndRxTransfer
                0x08004e98       0xc6 ./Drivers/STM32F4xx_HAL_Driver/Src/stm32f4xx_hal_uart.o
 *fill*         0x08004f5e        0x2 
 .text.UART_SetConfig
                0x08004f60      0x4e8 ./Drivers/STM32F4xx_HAL_Driver/Src/stm32f4xx_hal_uart.o
 .text.makeFreeRtosPriority
                0x08005448       0x30 ./Middlewares/Third_Party/FreeRTOS/Source/CMSIS_RTOS/cmsis_os.o
 .text.inHandlerMode
                0x08005478       0x24 ./Middlewares/Third_Party/FreeRTOS/Source/CMSIS_RTOS/cmsis_os.o
 .text.osKernelStart
                0x0800549c        0xe ./Middlewares/Third_Party/FreeRTOS/Source/CMSIS_RTOS/cmsis_os.o
                0x0800549c                osKernelStart
 .text.osThreadCreate
                0x080054aa       0x98 ./Middlewares/Third_Party/FreeRTOS/Source/CMSIS_RTOS/cmsis_os.o
                0x080054aa                osThreadCreate
 .text.osDelay  0x08005542       0x28 ./Middlewares/Third_Party/FreeRTOS/Source/CMSIS_RTOS/cmsis_os.o
                0x08005542                osDelay
 .text.osPoolCreate
                0x0800556a       0xba ./Middlewares/Third_Party/FreeRTOS/Source/CMSIS_RTOS/cmsis_os.o
                0x0800556a                osPoolCreate
 .text.osPoolAlloc
                0x08005624       0xc4 ./Middlewares/Third_Party/FreeRTOS/Source/CMSIS_RTOS/cmsis_os.o
                0x08005624                osPoolAlloc
 .text.osPoolFree
                0x080056e8       0x82 ./Middlewares/Third_Party/FreeRTOS/Source/CMSIS_RTOS/cmsis_os.o
                0x080056e8                osPoolFree
 .text.osMessageCreate
                0x0800576a       0x50 ./Middlewares/Third_Party/FreeRTOS/Source/CMSIS_RTOS/cmsis_os.o
                0x0800576a                osMessageCreate
 *fill*         0x080057ba        0x2 
 .text.osMessagePut
                0x080057bc       0x80 ./Middlewares/Third_Party/FreeRTOS/Source/CMSIS_RTOS/cmsis_os.o
                0x080057bc                osMessagePut
 .text.osMessageGet
                0x0800583c       0xe8 ./Middlewares/Third_Party/FreeRTOS/Source/CMSIS_RTOS/cmsis_os.o
                0x0800583c                osMessageGet
 .text.vListInitialise
                0x08005924       0x40 ./Middlewares/Third_Party/FreeRTOS/Source/list.o
                0x08005924                vListInitialise
 .text.vListInitialiseItem
                0x08005964       0x1a ./Middlewares/Third_Party/FreeRTOS/Source/list.o
                0x08005964                vListInitialiseItem
 .text.vListInsertEnd
                0x0800597e       0x48 ./Middlewares/Third_Party/FreeRTOS/Source/list.o
                0x0800597e                vListInsertEnd
 .text.vListInsert
                0x080059c6       0x72 ./Middlewares/Third_Party/FreeRTOS/Source/list.o
                0x080059c6                vListInsert
 .text.uxListRemove
                0x08005a38       0x54 ./Middlewares/Third_Party/FreeRTOS/Source/list.o
                0x08005a38                uxListRemove
 .text.xQueueGenericReset
                0x08005a8c       0xd4 ./Middlewares/Third_Party/FreeRTOS/Source/queue.o
                0x08005a8c                xQueueGenericReset
 .text.xQueueGenericCreateStatic
                0x08005b60       0xfa ./Middlewares/Third_Party/FreeRTOS/Source/queue.o
                0x08005b60                xQueueGenericCreateStatic
 .text.xQueueGenericCreate
                0x08005c5a       0x76 ./Middlewares/Third_Party/FreeRTOS/Source/queue.o
                0x08005c5a                xQueueGenericCreate
 .text.prvInitialiseNewQueue
                0x08005cd0       0x3e ./Middlewares/Third_Party/FreeRTOS/Source/queue.o
 *fill*         0x08005d0e        0x2 
 .text.xQueueGenericSend
                0x08005d10      0x204 ./Middlewares/Third_Party/FreeRTOS/Source/queue.o
                0x08005d10                xQueueGenericSend
 .text.xQueueGenericSendFromISR
                0x08005f14      0x13c ./Middlewares/Third_Party/FreeRTOS/Source/queue.o
                0x08005f14                xQueueGenericSendFromISR
 .text.xQueueReceive
                0x08006050      0x1c4 ./Middlewares/Third_Party/FreeRTOS/Source/queue.o
                0x08006050                xQueueReceive
 .text.xQueueReceiveFromISR
                0x08006214      0x104 ./Middlewares/Third_Party/FreeRTOS/Source/queue.o
                0x08006214                xQueueReceiveFromISR
 .text.prvCopyDataToQueue
                0x08006318       0xd4 ./Middlewares/Third_Party/FreeRTOS/Source/queue.o
 .text.prvCopyDataFromQueue
                0x080063ec       0x4c ./Middlewares/Third_Party/FreeRTOS/Source/queue.o
 .text.prvUnlockQueue
                0x08006438       0xa4 ./Middlewares/Third_Party/FreeRTOS/Source/queue.o
 .text.prvIsQueueEmpty
                0x080064dc       0x2c ./Middlewares/Third_Party/FreeRTOS/Source/queue.o
 .text.prvIsQueueFull
                0x08006508       0x30 ./Middlewares/Third_Party/FreeRTOS/Source/queue.o
 .text.xTaskCreateStatic
                0x08006538       0xc0 ./Middlewares/Third_Party/FreeRTOS/Source/tasks.o
                0x08006538                xTaskCreateStatic
 .text.xTaskCreate
                0x080065f8       0x8a ./Middlewares/Third_Party/FreeRTOS/Source/tasks.o
                0x080065f8                xTaskCreate
 *fill*         0x08006682        0x2 
 .text.prvInitialiseNewTask
                0x08006684      0x140 ./Middlewares/Third_Party/FreeRTOS/Source/tasks.o
 .text.prvAddNewTaskToReadyList
                0x080067c4       0xd4 ./Middlewares/Third_Party/FreeRTOS/Source/tasks.o
 .text.vTaskDelay
                0x08006898       0x6c ./Middlewares/Third_Party/FreeRTOS/Source/tasks.o
                0x08006898                vTaskDelay
 .text.vTaskStartScheduler
                0x08006904       0xd4 ./Middlewares/Third_Party/FreeRTOS/Source/tasks.o
                0x08006904                vTaskStartScheduler
 .text.vTaskSuspendAll
                0x080069d8       0x1c ./Middlewares/Third_Party/FreeRTOS/Source/tasks.o
                0x080069d8                vTaskSuspendAll
 .text.xTaskResumeAll
                0x080069f4      0x13c ./Middlewares/Third_Party/FreeRTOS/Source/tasks.o
                0x080069f4                xTaskResumeAll
 .text.xTaskIncrementTick
                0x08006b30      0x174 ./Middlewares/Third_Party/FreeRTOS/Source/tasks.o
                0x08006b30                xTaskIncrementTick
 .text.vTaskSwitchContext
                0x08006ca4       0xc8 ./Middlewares/Third_Party/FreeRTOS/Source/tasks.o
                0x08006ca4                vTaskSwitchContext
 .text.vTaskPlaceOnEventList
                0x08006d6c       0x4c ./Middlewares/Third_Party/FreeRTOS/Source/tasks.o
                0x08006d6c                vTaskPlaceOnEventList
 .text.xTaskRemoveFromEventList
                0x08006db8       0xc8 ./Middlewares/Third_Party/FreeRTOS/Source/tasks.o
                0x08006db8                xTaskRemoveFromEventList
 .text.vTaskInternalSetTimeOutState
                0x08006e80       0x2c ./Middlewares/Third_Party/FreeRTOS/Source/tasks.o
                0x08006e80                vTaskInternalSetTimeOutState
 .text.xTaskCheckForTimeOut
                0x08006eac       0xc8 ./Middlewares/Third_Party/FreeRTOS/Source/tasks.o
                0x08006eac                xTaskCheckForTimeOut
 .text.vTaskMissedYield
                0x08006f74       0x18 ./Middlewares/Third_Party/FreeRTOS/Source/tasks.o
                0x08006f74                vTaskMissedYield
 .text.prvIdleTask
                0x08006f8c       0x30 ./Middlewares/Third_Party/FreeRTOS/Source/tasks.o
 .text.prvInitialiseTaskLists
                0x08006fbc       0x80 ./Middlewares/Third_Party/FreeRTOS/Source/tasks.o
 .text.prvCheckTasksWaitingTermination
                0x0800703c       0x5c ./Middlewares/Third_Party/FreeRTOS/Source/tasks.o
 .text.prvDeleteTCB
                0x08007098       0x6a ./Middlewares/Third_Party/FreeRTOS/Source/tasks.o
 *fill*         0x08007102        0x2 
 .text.prvResetNextTaskUnblockTime
                0x08007104       0x40 ./Middlewares/Third_Party/FreeRTOS/Source/tasks.o
 .text.xTaskGetSchedulerState
                0x08007144       0x3c ./Middlewares/Third_Party/FreeRTOS/Source/tasks.o
                0x08007144                xTaskGetSchedulerState
 .text.xTaskPriorityDisinherit
                0x08007180      0x110 ./Middlewares/Third_Party/FreeRTOS/Source/tasks.o
                0x08007180                xTaskPriorityDisinherit
 .text.prvAddCurrentTaskToDelayedList
                0x08007290       0xcc ./Middlewares/Third_Party/FreeRTOS/Source/tasks.o
 .text.pxPortInitialiseStack
                0x0800735c       0x68 ./Middlewares/Third_Party/FreeRTOS/Source/portable/GCC/ARM_CM4F/port.o
                0x0800735c                pxPortInitialiseStack
 .text.prvTaskExitError
                0x080073c4       0x5c ./Middlewares/Third_Party/FreeRTOS/Source/portable/GCC/ARM_CM4F/port.o
 .text.SVC_Handler
                0x08007420       0x28 ./Middlewares/Third_Party/FreeRTOS/Source/portable/GCC/ARM_CM4F/port.o
                0x08007420                SVC_Handler
 .text.prvPortStartFirstTask
                0x08007448       0x28 ./Middlewares/Third_Party/FreeRTOS/Source/portable/GCC/ARM_CM4F/port.o
 .text.xPortStartScheduler
                0x08007470      0x148 ./Middlewares/Third_Party/FreeRTOS/Source/portable/GCC/ARM_CM4F/port.o
                0x08007470                xPortStartScheduler
 .text.vPortEnterCritical
                0x080075b8       0x64 ./Middlewares/Third_Party/FreeRTOS/Source/portable/GCC/ARM_CM4F/port.o
                0x080075b8                vPortEnterCritical
 .text.vPortExitCritical
                0x0800761c       0x54 ./Middlewares/Third_Party/FreeRTOS/Source/portable/GCC/ARM_CM4F/port.o
                0x0800761c                vPortExitCritical
 .text.PendSV_Handler
                0x08007670       0x68 ./Middlewares/Third_Party/FreeRTOS/Source/portable/GCC/ARM_CM4F/port.o
                0x08007670                PendSV_Handler
 .text.SysTick_Handler
                0x080076d8       0x44 ./Middlewares/Third_Party/FreeRTOS/Source/portable/GCC/ARM_CM4F/port.o
                0x080076d8                SysTick_Handler
 .text.vPortSetupTimerInterrupt
                0x0800771c       0x48 ./Middlewares/Third_Party/FreeRTOS/Source/portable/GCC/ARM_CM4F/port.o
                0x0800771c                vPortSetupTimerInterrupt
 .text.vPortEnableVFP
                0x08007764       0x14 ./Middlewares/Third_Party/FreeRTOS/Source/portable/GCC/ARM_CM4F/port.o
 .text.vPortValidateInterruptPriority
                0x08007778       0x84 ./Middlewares/Third_Party/FreeRTOS/Source/portable/GCC/ARM_CM4F/port.o
                0x08007778                vPortValidateInterruptPriority
 .text.pvPortMalloc
                0x080077fc      0x19c ./Middlewares/Third_Party/FreeRTOS/Source/portable/MemMang/heap_4.o
                0x080077fc                pvPortMalloc
 .text.vPortFree
                0x08007998       0xc8 ./Middlewares/Third_Party/FreeRTOS/Source/portable/MemMang/heap_4.o
                0x08007998                vPortFree
 .text.prvHeapInit
                0x08007a60       0xc4 ./Middlewares/Third_Party/FreeRTOS/Source/portable/MemMang/heap_4.o
 .text.prvInsertBlockIntoFreeList
                0x08007b24       0xb4 ./Middlewares/Third_Party/FreeRTOS/Source/portable/MemMang/heap_4.o
 .text.std      0x08007bd8       0x6c C:/ST/STM32CubeIDE_1.18.0/STM32CubeIDE/plugins/com.st.stm32cube.ide.mcu.externaltools.gnu-tools-for-stm32.13.3.rel1.win32_1.0.0.202411081344/tools/bin/../lib/gcc/arm-none-eabi/13.3.1/../../../../arm-none-eabi/lib/thumb/v7e-m+fp/hard\libc_nano.a(libc_a-findfp.o)
 .text.stdio_exit_handler
                0x08007c44       0x18 C:/ST/STM32CubeIDE_1.18.0/STM32CubeIDE/plugins/com.st.stm32cube.ide.mcu.externaltools.gnu-tools-for-stm32.13.3.rel1.win32_1.0.0.202411081344/tools/bin/../lib/gcc/arm-none-eabi/13.3.1/../../../../arm-none-eabi/lib/thumb/v7e-m+fp/hard\libc_nano.a(libc_a-findfp.o)
 .text.cleanup_stdio
                0x08007c5c       0x40 C:/ST/STM32CubeIDE_1.18.0/STM32CubeIDE/plugins/com.st.stm32cube.ide.mcu.externaltools.gnu-tools-for-stm32.13.3.rel1.win32_1.0.0.202411081344/tools/bin/../lib/gcc/arm-none-eabi/13.3.1/../../../../arm-none-eabi/lib/thumb/v7e-m+fp/hard\libc_nano.a(libc_a-findfp.o)
 .text.global_stdio_init.part.0
                0x08007c9c       0x3c C:/ST/STM32CubeIDE_1.18.0/STM32CubeIDE/plugins/com.st.stm32cube.ide.mcu.externaltools.gnu-tools-for-stm32.13.3.rel1.win32_1.0.0.202411081344/tools/bin/../lib/gcc/arm-none-eabi/13.3.1/../../../../arm-none-eabi/lib/thumb/v7e-m+fp/hard\libc_nano.a(libc_a-findfp.o)
 .text.__sfp_lock_acquire
                0x08007cd8        0xc C:/ST/STM32CubeIDE_1.18.0/STM32CubeIDE/plugins/com.st.stm32cube.ide.mcu.externaltools.gnu-tools-for-stm32.13.3.rel1.win32_1.0.0.202411081344/tools/bin/../lib/gcc/arm-none-eabi/13.3.1/../../../../arm-none-eabi/lib/thumb/v7e-m+fp/hard\libc_nano.a(libc_a-findfp.o)
                0x08007cd8                __sfp_lock_acquire
 .text.__sfp_lock_release
                0x08007ce4        0xc C:/ST/STM32CubeIDE_1.18.0/STM32CubeIDE/plugins/com.st.stm32cube.ide.mcu.externaltools.gnu-tools-for-stm32.13.3.rel1.win32_1.0.0.202411081344/tools/bin/../lib/gcc/arm-none-eabi/13.3.1/../../../../arm-none-eabi/lib/thumb/v7e-m+fp/hard\libc_nano.a(libc_a-findfp.o)
                0x08007ce4                __sfp_lock_release
 .text.__sinit  0x08007cf0       0x30 C:/ST/STM32CubeIDE_1.18.0/STM32CubeIDE/plugins/com.st.stm32cube.ide.mcu.externaltools.gnu-tools-for-stm32.13.3.rel1.win32_1.0.0.202411081344/tools/bin/../lib/gcc/arm-none-eabi/13.3.1/../../../../arm-none-eabi/lib/thumb/v7e-m+fp/hard\libc_nano.a(libc_a-findfp.o)
                0x08007cf0                __sinit
 .text._fwalk_sglue
                0x08007d20       0x3c C:/ST/STM32CubeIDE_1.18.0/STM32CubeIDE/plugins/com.st.stm32cube.ide.mcu.externaltools.gnu-tools-for-stm32.13.3.rel1.win32_1.0.0.202411081344/tools/bin/../lib/gcc/arm-none-eabi/13.3.1/../../../../arm-none-eabi/lib/thumb/v7e-m+fp/hard\libc_nano.a(libc_a-fwalk.o)
                0x08007d20                _fwalk_sglue
 .text.printf   0x08007d5c       0x24 C:/ST/STM32CubeIDE_1.18.0/STM32CubeIDE/plugins/com.st.stm32cube.ide.mcu.externaltools.gnu-tools-for-stm32.13.3.rel1.win32_1.0.0.202411081344/tools/bin/../lib/gcc/arm-none-eabi/13.3.1/../../../../arm-none-eabi/lib/thumb/v7e-m+fp/hard\libc_nano.a(libc_a-printf.o)
                0x08007d5c                iprintf
                0x08007d5c                printf
 .text._puts_r  0x08007d80       0xaa C:/ST/STM32CubeIDE_1.18.0/STM32CubeIDE/plugins/com.st.stm32cube.ide.mcu.externaltools.gnu-tools-for-stm32.13.3.rel1.win32_1.0.0.202411081344/tools/bin/../lib/gcc/arm-none-eabi/13.3.1/../../../../arm-none-eabi/lib/thumb/v7e-m+fp/hard\libc_nano.a(libc_a-puts.o)
                0x08007d80                _puts_r
 *fill*         0x08007e2a        0x2 
 .text.puts     0x08007e2c       0x10 C:/ST/STM32CubeIDE_1.18.0/STM32CubeIDE/plugins/com.st.stm32cube.ide.mcu.externaltools.gnu-tools-for-stm32.13.3.rel1.win32_1.0.0.202411081344/tools/bin/../lib/gcc/arm-none-eabi/13.3.1/../../../../arm-none-eabi/lib/thumb/v7e-m+fp/hard\libc_nano.a(libc_a-puts.o)
                0x08007e2c                puts
 .text.sprintf  0x08007e3c       0x44 C:/ST/STM32CubeIDE_1.18.0/STM32CubeIDE/plugins/com.st.stm32cube.ide.mcu.externaltools.gnu-tools-for-stm32.13.3.rel1.win32_1.0.0.202411081344/tools/bin/../lib/gcc/arm-none-eabi/13.3.1/../../../../arm-none-eabi/lib/thumb/v7e-m+fp/hard\libc_nano.a(libc_a-sprintf.o)
                0x08007e3c                siprintf
                0x08007e3c                sprintf
 .text.__sread  0x08007e80       0x22 C:/ST/STM32CubeIDE_1.18.0/STM32CubeIDE/plugins/com.st.stm32cube.ide.mcu.externaltools.gnu-tools-for-stm32.13.3.rel1.win32_1.0.0.202411081344/tools/bin/../lib/gcc/arm-none-eabi/13.3.1/../../../../arm-none-eabi/lib/thumb/v7e-m+fp/hard\libc_nano.a(libc_a-stdio.o)
                0x08007e80                __sread
 .text.__swrite
                0x08007ea2       0x38 C:/ST/STM32CubeIDE_1.18.0/STM32CubeIDE/plugins/com.st.stm32cube.ide.mcu.externaltools.gnu-tools-for-stm32.13.3.rel1.win32_1.0.0.202411081344/tools/bin/../lib/gcc/arm-none-eabi/13.3.1/../../../../arm-none-eabi/lib/thumb/v7e-m+fp/hard\libc_nano.a(libc_a-stdio.o)
                0x08007ea2                __swrite
 .text.__sseek  0x08007eda       0x24 C:/ST/STM32CubeIDE_1.18.0/STM32CubeIDE/plugins/com.st.stm32cube.ide.mcu.externaltools.gnu-tools-for-stm32.13.3.rel1.win32_1.0.0.202411081344/tools/bin/../lib/gcc/arm-none-eabi/13.3.1/../../../../arm-none-eabi/lib/thumb/v7e-m+fp/hard\libc_nano.a(libc_a-stdio.o)
                0x08007eda                __sseek
 .text.__sclose
                0x08007efe        0x8 C:/ST/STM32CubeIDE_1.18.0/STM32CubeIDE/plugins/com.st.stm32cube.ide.mcu.externaltools.gnu-tools-for-stm32.13.3.rel1.win32_1.0.0.202411081344/tools/bin/../lib/gcc/arm-none-eabi/13.3.1/../../../../arm-none-eabi/lib/thumb/v7e-m+fp/hard\libc_nano.a(libc_a-stdio.o)
                0x08007efe                __sclose
 .text.__swbuf_r
                0x08007f06       0x7c C:/ST/STM32CubeIDE_1.18.0/STM32CubeIDE/plugins/com.st.stm32cube.ide.mcu.externaltools.gnu-tools-for-stm32.13.3.rel1.win32_1.0.0.202411081344/tools/bin/../lib/gcc/arm-none-eabi/13.3.1/../../../../arm-none-eabi/lib/thumb/v7e-m+fp/hard\libc_nano.a(libc_a-wbuf.o)
                0x08007f06                __swbuf_r
 *fill*         0x08007f82        0x2 
 .text.__swsetup_r
                0x08007f84       0xac C:/ST/STM32CubeIDE_1.18.0/STM32CubeIDE/plugins/com.st.stm32cube.ide.mcu.externaltools.gnu-tools-for-stm32.13.3.rel1.win32_1.0.0.202411081344/tools/bin/../lib/gcc/arm-none-eabi/13.3.1/../../../../arm-none-eabi/lib/thumb/v7e-m+fp/hard\libc_nano.a(libc_a-wsetup.o)
                0x08007f84                __swsetup_r
 .text.memset   0x08008030       0x10 C:/ST/STM32CubeIDE_1.18.0/STM32CubeIDE/plugins/com.st.stm32cube.ide.mcu.externaltools.gnu-tools-for-stm32.13.3.rel1.win32_1.0.0.202411081344/tools/bin/../lib/gcc/arm-none-eabi/13.3.1/../../../../arm-none-eabi/lib/thumb/v7e-m+fp/hard\libc_nano.a(libc_a-memset.o)
                0x08008030                memset
 .text._close_r
                0x08008040       0x20 C:/ST/STM32CubeIDE_1.18.0/STM32CubeIDE/plugins/com.st.stm32cube.ide.mcu.externaltools.gnu-tools-for-stm32.13.3.rel1.win32_1.0.0.202411081344/tools/bin/../lib/gcc/arm-none-eabi/13.3.1/../../../../arm-none-eabi/lib/thumb/v7e-m+fp/hard\libc_nano.a(libc_a-closer.o)
                0x08008040                _close_r
 .text._reclaim_reent
                0x08008060       0xbc C:/ST/STM32CubeIDE_1.18.0/STM32CubeIDE/plugins/com.st.stm32cube.ide.mcu.externaltools.gnu-tools-for-stm32.13.3.rel1.win32_1.0.0.202411081344/tools/bin/../lib/gcc/arm-none-eabi/13.3.1/../../../../arm-none-eabi/lib/thumb/v7e-m+fp/hard\libc_nano.a(libc_a-reent.o)
                0x08008060                _reclaim_reent
 .text._lseek_r
                0x0800811c       0x24 C:/ST/STM32CubeIDE_1.18.0/STM32CubeIDE/plugins/com.st.stm32cube.ide.mcu.externaltools.gnu-tools-for-stm32.13.3.rel1.win32_1.0.0.202411081344/tools/bin/../lib/gcc/arm-none-eabi/13.3.1/../../../../arm-none-eabi/lib/thumb/v7e-m+fp/hard\libc_nano.a(libc_a-lseekr.o)
                0x0800811c                _lseek_r
 .text._read_r  0x08008140       0x24 C:/ST/STM32CubeIDE_1.18.0/STM32CubeIDE/plugins/com.st.stm32cube.ide.mcu.externaltools.gnu-tools-for-stm32.13.3.rel1.win32_1.0.0.202411081344/tools/bin/../lib/gcc/arm-none-eabi/13.3.1/../../../../arm-none-eabi/lib/thumb/v7e-m+fp/hard\libc_nano.a(libc_a-readr.o)
                0x08008140                _read_r
 .text._write_r
                0x08008164       0x24 C:/ST/STM32CubeIDE_1.18.0/STM32CubeIDE/plugins/com.st.stm32cube.ide.mcu.externaltools.gnu-tools-for-stm32.13.3.rel1.win32_1.0.0.202411081344/tools/bin/../lib/gcc/arm-none-eabi/13.3.1/../../../../arm-none-eabi/lib/thumb/v7e-m+fp/hard\libc_nano.a(libc_a-writer.o)
                0x08008164                _write_r
 .text.__errno  0x08008188        0xc C:/ST/STM32CubeIDE_1.18.0/STM32CubeIDE/plugins/com.st.stm32cube.ide.mcu.externaltools.gnu-tools-for-stm32.13.3.rel1.win32_1.0.0.202411081344/tools/bin/../lib/gcc/arm-none-eabi/13.3.1/../../../../arm-none-eabi/lib/thumb/v7e-m+fp/hard\libc_nano.a(libc_a-errno.o)
                0x08008188                __errno
 .text.__libc_init_array
                0x08008194       0x48 C:/ST/STM32CubeIDE_1.18.0/STM32CubeIDE/plugins/com.st.stm32cube.ide.mcu.externaltools.gnu-tools-for-stm32.13.3.rel1.win32_1.0.0.202411081344/tools/bin/../lib/gcc/arm-none-eabi/13.3.1/../../../../arm-none-eabi/lib/thumb/v7e-m+fp/hard\libc_nano.a(libc_a-init.o)
                0x08008194                __libc_init_array
 .text.__retarget_lock_init_recursive
                0x080081dc        0x2 C:/ST/STM32CubeIDE_1.18.0/STM32CubeIDE/plugins/com.st.stm32cube.ide.mcu.externaltools.gnu-tools-for-stm32.13.3.rel1.win32_1.0.0.202411081344/tools/bin/../lib/gcc/arm-none-eabi/13.3.1/../../../../arm-none-eabi/lib/thumb/v7e-m+fp/hard\libc_nano.a(libc_a-lock.o)
                0x080081dc                __retarget_lock_init_recursive
 .text.__retarget_lock_acquire_recursive
                0x080081de        0x2 C:/ST/STM32CubeIDE_1.18.0/STM32CubeIDE/plugins/com.st.stm32cube.ide.mcu.externaltools.gnu-tools-for-stm32.13.3.rel1.win32_1.0.0.202411081344/tools/bin/../lib/gcc/arm-none-eabi/13.3.1/../../../../arm-none-eabi/lib/thumb/v7e-m+fp/hard\libc_nano.a(libc_a-lock.o)
                0x080081de                __retarget_lock_acquire_recursive
 .text.__retarget_lock_release_recursive
                0x080081e0        0x2 C:/ST/STM32CubeIDE_1.18.0/STM32CubeIDE/plugins/com.st.stm32cube.ide.mcu.externaltools.gnu-tools-for-stm32.13.3.rel1.win32_1.0.0.202411081344/tools/bin/../lib/gcc/arm-none-eabi/13.3.1/../../../../arm-none-eabi/lib/thumb/v7e-m+fp/hard\libc_nano.a(libc_a-lock.o)
                0x080081e0                __retarget_lock_release_recursive
 .text.memcpy   0x080081e2       0x1c C:/ST/STM32CubeIDE_1.18.0/STM32CubeIDE/plugins/com.st.stm32cube.ide.mcu.externaltools.gnu-tools-for-stm32.13.3.rel1.win32_1.0.0.202411081344/tools/bin/../lib/gcc/arm-none-eabi/13.3.1/../../../../arm-none-eabi/lib/thumb/v7e-m+fp/hard\libc_nano.a(libc_a-memcpy-stub.o)
                0x080081e2                memcpy
 *fill*         0x080081fe        0x2 
 .text._free_r  0x08008200       0x94 C:/ST/STM32CubeIDE_1.18.0/STM32CubeIDE/plugins/com.st.stm32cube.ide.mcu.externaltools.gnu-tools-for-stm32.13.3.rel1.win32_1.0.0.202411081344/tools/bin/../lib/gcc/arm-none-eabi/13.3.1/../../../../arm-none-eabi/lib/thumb/v7e-m+fp/hard\libc_nano.a(libc_a-freer.o)
                0x08008200                _free_r
 .text.sbrk_aligned
                0x08008294       0x44 C:/ST/STM32CubeIDE_1.18.0/STM32CubeIDE/plugins/com.st.stm32cube.ide.mcu.externaltools.gnu-tools-for-stm32.13.3.rel1.win32_1.0.0.202411081344/tools/bin/../lib/gcc/arm-none-eabi/13.3.1/../../../../arm-none-eabi/lib/thumb/v7e-m+fp/hard\libc_nano.a(libc_a-mallocr.o)
 .text._malloc_r
                0x080082d8      0x100 C:/ST/STM32CubeIDE_1.18.0/STM32CubeIDE/plugins/com.st.stm32cube.ide.mcu.externaltools.gnu-tools-for-stm32.13.3.rel1.win32_1.0.0.202411081344/tools/bin/../lib/gcc/arm-none-eabi/13.3.1/../../../../arm-none-eabi/lib/thumb/v7e-m+fp/hard\libc_nano.a(libc_a-mallocr.o)
                0x080082d8                _malloc_r
 .text.__malloc_lock
                0x080083d8        0xc C:/ST/STM32CubeIDE_1.18.0/STM32CubeIDE/plugins/com.st.stm32cube.ide.mcu.externaltools.gnu-tools-for-stm32.13.3.rel1.win32_1.0.0.202411081344/tools/bin/../lib/gcc/arm-none-eabi/13.3.1/../../../../arm-none-eabi/lib/thumb/v7e-m+fp/hard\libc_nano.a(libc_a-mlock.o)
                0x080083d8                __malloc_lock
 .text.__malloc_unlock
                0x080083e4        0xc C:/ST/STM32CubeIDE_1.18.0/STM32CubeIDE/plugins/com.st.stm32cube.ide.mcu.externaltools.gnu-tools-for-stm32.13.3.rel1.win32_1.0.0.202411081344/tools/bin/../lib/gcc/arm-none-eabi/13.3.1/../../../../arm-none-eabi/lib/thumb/v7e-m+fp/hard\libc_nano.a(libc_a-mlock.o)
                0x080083e4                __malloc_unlock
 .text.__ssputs_r
                0x080083f0       0xb6 C:/ST/STM32CubeIDE_1.18.0/STM32CubeIDE/plugins/com.st.stm32cube.ide.mcu.externaltools.gnu-tools-for-stm32.13.3.rel1.win32_1.0.0.202411081344/tools/bin/../lib/gcc/arm-none-eabi/13.3.1/../../../../arm-none-eabi/lib/thumb/v7e-m+fp/hard\libc_nano.a(libc_a-nano-svfprintf.o)
                0x080083f0                __ssputs_r
 *fill*         0x080084a6        0x2 
 .text._svfprintf_r
                0x080084a8      0x1f8 C:/ST/STM32CubeIDE_1.18.0/STM32CubeIDE/plugins/com.st.stm32cube.ide.mcu.externaltools.gnu-tools-for-stm32.13.3.rel1.win32_1.0.0.202411081344/tools/bin/../lib/gcc/arm-none-eabi/13.3.1/../../../../arm-none-eabi/lib/thumb/v7e-m+fp/hard\libc_nano.a(libc_a-nano-svfprintf.o)
                0x080084a8                _svfiprintf_r
                0x080084a8                _svfprintf_r
 .text.__sfputc_r
                0x080086a0       0x2e C:/ST/STM32CubeIDE_1.18.0/STM32CubeIDE/plugins/com.st.stm32cube.ide.mcu.externaltools.gnu-tools-for-stm32.13.3.rel1.win32_1.0.0.202411081344/tools/bin/../lib/gcc/arm-none-eabi/13.3.1/../../../../arm-none-eabi/lib/thumb/v7e-m+fp/hard\libc_nano.a(libc_a-nano-vfprintf.o)
 .text.__sfputs_r
                0x080086ce       0x24 C:/ST/STM32CubeIDE_1.18.0/STM32CubeIDE/plugins/com.st.stm32cube.ide.mcu.externaltools.gnu-tools-for-stm32.13.3.rel1.win32_1.0.0.202411081344/tools/bin/../lib/gcc/arm-none-eabi/13.3.1/../../../../arm-none-eabi/lib/thumb/v7e-m+fp/hard\libc_nano.a(libc_a-nano-vfprintf.o)
                0x080086ce                __sfputs_r
 *fill*         0x080086f2        0x2 
 .text._vfprintf_r
                0x080086f4      0x230 C:/ST/STM32CubeIDE_1.18.0/STM32CubeIDE/plugins/com.st.stm32cube.ide.mcu.externaltools.gnu-tools-for-stm32.13.3.rel1.win32_1.0.0.202411081344/tools/bin/../lib/gcc/arm-none-eabi/13.3.1/../../../../arm-none-eabi/lib/thumb/v7e-m+fp/hard\libc_nano.a(libc_a-nano-vfprintf.o)
                0x080086f4                _vfprintf_r
                0x080086f4                _vfiprintf_r
 .text._printf_common
                0x08008924       0xda C:/ST/STM32CubeIDE_1.18.0/STM32CubeIDE/plugins/com.st.stm32cube.ide.mcu.externaltools.gnu-tools-for-stm32.13.3.rel1.win32_1.0.0.202411081344/tools/bin/../lib/gcc/arm-none-eabi/13.3.1/../../../../arm-none-eabi/lib/thumb/v7e-m+fp/hard\libc_nano.a(libc_a-nano-vfprintf_i.o)
                0x08008924                _printf_common
 *fill*         0x080089fe        0x2 
 .text._printf_i
                0x08008a00      0x23c C:/ST/STM32CubeIDE_1.18.0/STM32CubeIDE/plugins/com.st.stm32cube.ide.mcu.externaltools.gnu-tools-for-stm32.13.3.rel1.win32_1.0.0.202411081344/tools/bin/../lib/gcc/arm-none-eabi/13.3.1/../../../../arm-none-eabi/lib/thumb/v7e-m+fp/hard\libc_nano.a(libc_a-nano-vfprintf_i.o)
                0x08008a00                _printf_i
 .text.__sflush_r
                0x08008c3c      0x108 C:/ST/STM32CubeIDE_1.18.0/STM32CubeIDE/plugins/com.st.stm32cube.ide.mcu.externaltools.gnu-tools-for-stm32.13.3.rel1.win32_1.0.0.202411081344/tools/bin/../lib/gcc/arm-none-eabi/13.3.1/../../../../arm-none-eabi/lib/thumb/v7e-m+fp/hard\libc_nano.a(libc_a-fflush.o)
                0x08008c3c                __sflush_r
 .text._fflush_r
                0x08008d44       0x50 C:/ST/STM32CubeIDE_1.18.0/STM32CubeIDE/plugins/com.st.stm32cube.ide.mcu.externaltools.gnu-tools-for-stm32.13.3.rel1.win32_1.0.0.202411081344/tools/bin/../lib/gcc/arm-none-eabi/13.3.1/../../../../arm-none-eabi/lib/thumb/v7e-m+fp/hard\libc_nano.a(libc_a-fflush.o)
                0x08008d44                _fflush_r
 .text.__swhatbuf_r
                0x08008d94       0x4c C:/ST/STM32CubeIDE_1.18.0/STM32CubeIDE/plugins/com.st.stm32cube.ide.mcu.externaltools.gnu-tools-for-stm32.13.3.rel1.win32_1.0.0.202411081344/tools/bin/../lib/gcc/arm-none-eabi/13.3.1/../../../../arm-none-eabi/lib/thumb/v7e-m+fp/hard\libc_nano.a(libc_a-makebuf.o)
                0x08008d94                __swhatbuf_r
 .text.__smakebuf_r
                0x08008de0       0x78 C:/ST/STM32CubeIDE_1.18.0/STM32CubeIDE/plugins/com.st.stm32cube.ide.mcu.externaltools.gnu-tools-for-stm32.13.3.rel1.win32_1.0.0.202411081344/tools/bin/../lib/gcc/arm-none-eabi/13.3.1/../../../../arm-none-eabi/lib/thumb/v7e-m+fp/hard\libc_nano.a(libc_a-makebuf.o)
                0x08008de0                __smakebuf_r
 .text.memmove  0x08008e58       0x34 C:/ST/STM32CubeIDE_1.18.0/STM32CubeIDE/plugins/com.st.stm32cube.ide.mcu.externaltools.gnu-tools-for-stm32.13.3.rel1.win32_1.0.0.202411081344/tools/bin/../lib/gcc/arm-none-eabi/13.3.1/../../../../arm-none-eabi/lib/thumb/v7e-m+fp/hard\libc_nano.a(libc_a-memmove.o)
                0x08008e58                memmove
 .text._fstat_r
                0x08008e8c       0x24 C:/ST/STM32CubeIDE_1.18.0/STM32CubeIDE/plugins/com.st.stm32cube.ide.mcu.externaltools.gnu-tools-for-stm32.13.3.rel1.win32_1.0.0.202411081344/tools/bin/../lib/gcc/arm-none-eabi/13.3.1/../../../../arm-none-eabi/lib/thumb/v7e-m+fp/hard\libc_nano.a(libc_a-fstatr.o)
                0x08008e8c                _fstat_r
 .text._isatty_r
                0x08008eb0       0x20 C:/ST/STM32CubeIDE_1.18.0/STM32CubeIDE/plugins/com.st.stm32cube.ide.mcu.externaltools.gnu-tools-for-stm32.13.3.rel1.win32_1.0.0.202411081344/tools/bin/../lib/gcc/arm-none-eabi/13.3.1/../../../../arm-none-eabi/lib/thumb/v7e-m+fp/hard\libc_nano.a(libc_a-isattyr.o)
                0x08008eb0                _isatty_r
 .text._sbrk_r  0x08008ed0       0x20 C:/ST/STM32CubeIDE_1.18.0/STM32CubeIDE/plugins/com.st.stm32cube.ide.mcu.externaltools.gnu-tools-for-stm32.13.3.rel1.win32_1.0.0.202411081344/tools/bin/../lib/gcc/arm-none-eabi/13.3.1/../../../../arm-none-eabi/lib/thumb/v7e-m+fp/hard\libc_nano.a(libc_a-sbrkr.o)
                0x08008ed0                _sbrk_r
 .text._realloc_r
                0x08008ef0       0x5c C:/ST/STM32CubeIDE_1.18.0/STM32CubeIDE/plugins/com.st.stm32cube.ide.mcu.externaltools.gnu-tools-for-stm32.13.3.rel1.win32_1.0.0.202411081344/tools/bin/../lib/gcc/arm-none-eabi/13.3.1/../../../../arm-none-eabi/lib/thumb/v7e-m+fp/hard\libc_nano.a(libc_a-reallocr.o)
                0x08008ef0                _realloc_r
 .text._malloc_usable_size_r
                0x08008f4c       0x10 C:/ST/STM32CubeIDE_1.18.0/STM32CubeIDE/plugins/com.st.stm32cube.ide.mcu.externaltools.gnu-tools-for-stm32.13.3.rel1.win32_1.0.0.202411081344/tools/bin/../lib/gcc/arm-none-eabi/13.3.1/../../../../arm-none-eabi/lib/thumb/v7e-m+fp/hard\libc_nano.a(libc_a-msizer.o)
                0x08008f4c                _malloc_usable_size_r
 *(.glue_7)
 .glue_7        0x08008f5c        0x0 linker stubs
 *(.glue_7t)
 .glue_7t       0x08008f5c        0x0 linker stubs
 *(.eh_frame)
 .eh_frame      0x08008f5c        0x0 C:/ST/STM32CubeIDE_1.18.0/STM32CubeIDE/plugins/com.st.stm32cube.ide.mcu.externaltools.gnu-tools-for-stm32.13.3.rel1.win32_1.0.0.202411081344/tools/bin/../lib/gcc/arm-none-eabi/13.3.1/thumb/v7e-m+fp/hard/crtbegin.o
 *(.init)
 .init          0x08008f5c        0x4 C:/ST/STM32CubeIDE_1.18.0/STM32CubeIDE/plugins/com.st.stm32cube.ide.mcu.externaltools.gnu-tools-for-stm32.13.3.rel1.win32_1.0.0.202411081344/tools/bin/../lib/gcc/arm-none-eabi/13.3.1/thumb/v7e-m+fp/hard/crti.o
                0x08008f5c                _init
 .init          0x08008f60        0x8 C:/ST/STM32CubeIDE_1.18.0/STM32CubeIDE/plugins/com.st.stm32cube.ide.mcu.externaltools.gnu-tools-for-stm32.13.3.rel1.win32_1.0.0.202411081344/tools/bin/../lib/gcc/arm-none-eabi/13.3.1/thumb/v7e-m+fp/hard/crtn.o
 *(.fini)
 .fini          0x08008f68        0x4 C:/ST/STM32CubeIDE_1.18.0/STM32CubeIDE/plugins/com.st.stm32cube.ide.mcu.externaltools.gnu-tools-for-stm32.13.3.rel1.win32_1.0.0.202411081344/tools/bin/../lib/gcc/arm-none-eabi/13.3.1/thumb/v7e-m+fp/hard/crti.o
                0x08008f68                _fini
 .fini          0x08008f6c        0x8 C:/ST/STM32CubeIDE_1.18.0/STM32CubeIDE/plugins/com.st.stm32cube.ide.mcu.externaltools.gnu-tools-for-stm32.13.3.rel1.win32_1.0.0.202411081344/tools/bin/../lib/gcc/arm-none-eabi/13.3.1/thumb/v7e-m+fp/hard/crtn.o
                0x08008f74                        . = ALIGN (0x4)
                0x08008f74                        _etext = .

.vfp11_veneer   0x08008f74        0x0
 .vfp11_veneer  0x08008f74        0x0 linker stubs

.v4_bx          0x08008f74        0x0
 .v4_bx         0x08008f74        0x0 linker stubs

.iplt           0x08008f74        0x0
 .iplt          0x08008f74        0x0 C:/ST/STM32CubeIDE_1.18.0/STM32CubeIDE/plugins/com.st.stm32cube.ide.mcu.externaltools.gnu-tools-for-stm32.13.3.rel1.win32_1.0.0.202411081344/tools/bin/../lib/gcc/arm-none-eabi/13.3.1/thumb/v7e-m+fp/hard/crtbegin.o

.rodata         0x08008f74      0x35c
                0x08008f74                        . = ALIGN (0x4)
 *(.rodata)
 .rodata        0x08008f74       0xac ./Core/Src/freertos.o
 .rodata        0x08009020       0x68 ./Core/Src/main.o
 .rodata        0x08009088       0xc0 ./Core/ap/Controller/Controller_Tracking.o
 .rodata        0x08009148       0x78 ./Core/ap/Listener/Listener.o
 .rodata        0x080091c0       0x4a ./Core/ap/Listener/Listener_Tracking.o
 *fill*         0x0800920a        0x2 
 .rodata        0x0800920c       0x38 ./Core/ap/Presenter/Presenter_Tracking.o
 .rodata        0x08009244        0x5 ./Middlewares/Third_Party/FreeRTOS/Source/tasks.o
 *(.rodata*)
 *fill*         0x08009249        0x3 
 .rodata.AHBPrescTable
                0x0800924c       0x10 ./Core/Src/system_stm32f4xx.o
                0x0800924c                AHBPrescTable
 .rodata.APBPrescTable
                0x0800925c        0x8 ./Core/Src/system_stm32f4xx.o
                0x0800925c                APBPrescTable
 .rodata.os_messageQ_def_trackingEventQue
                0x08009264       0x10 ./Core/ap/Model/Model_Tracking.o
                0x08009264                os_messageQ_def_trackingEventQue
 .rodata.os_messageQ_def_trackingDataQue
                0x08009274       0x10 ./Core/ap/Model/Model_Tracking.o
                0x08009274                os_messageQ_def_trackingDataQue
 .rodata.os_pool_def_poolTrackingEvent
                0x08009284        0xc ./Core/ap/Model/Model_Tracking.o
                0x08009284                os_pool_def_poolTrackingEvent
 .rodata.os_pool_def_poolTrackingData
                0x08009290        0xc ./Core/ap/Model/Model_Tracking.o
                0x08009290                os_pool_def_poolTrackingData
 .rodata._svfprintf_r.str1.1
                0x0800929c       0x33 C:/ST/STM32CubeIDE_1.18.0/STM32CubeIDE/plugins/com.st.stm32cube.ide.mcu.externaltools.gnu-tools-for-stm32.13.3.rel1.win32_1.0.0.202411081344/tools/bin/../lib/gcc/arm-none-eabi/13.3.1/../../../../arm-none-eabi/lib/thumb/v7e-m+fp/hard\libc_nano.a(libc_a-nano-svfprintf.o)
                                 0x11 (size before relaxing)
 .rodata._vfprintf_r.str1.1
                0x080092cf       0x11 C:/ST/STM32CubeIDE_1.18.0/STM32CubeIDE/plugins/com.st.stm32cube.ide.mcu.externaltools.gnu-tools-for-stm32.13.3.rel1.win32_1.0.0.202411081344/tools/bin/../lib/gcc/arm-none-eabi/13.3.1/../../../../arm-none-eabi/lib/thumb/v7e-m+fp/hard\libc_nano.a(libc_a-nano-vfprintf.o)
 .rodata._printf_i.str1.1
                0x080092cf       0x22 C:/ST/STM32CubeIDE_1.18.0/STM32CubeIDE/plugins/com.st.stm32cube.ide.mcu.externaltools.gnu-tools-for-stm32.13.3.rel1.win32_1.0.0.202411081344/tools/bin/../lib/gcc/arm-none-eabi/13.3.1/../../../../arm-none-eabi/lib/thumb/v7e-m+fp/hard\libc_nano.a(libc_a-nano-vfprintf_i.o)
                0x080092f4                        . = ALIGN (0x4)
 *fill*         0x080092cf        0x1 

.ARM.extab      0x080092d0        0x0
                0x080092d0                        . = ALIGN (0x4)
 *(.ARM.extab* .gnu.linkonce.armextab.*)
                0x080092d0                        . = ALIGN (0x4)

.ARM            0x080092d0        0x8
                0x080092d0                        . = ALIGN (0x4)
                0x080092d0                        __exidx_start = .
 *(.ARM.exidx*)
 .ARM.exidx     0x080092d0        0x8 C:/ST/STM32CubeIDE_1.18.0/STM32CubeIDE/plugins/com.st.stm32cube.ide.mcu.externaltools.gnu-tools-for-stm32.13.3.rel1.win32_1.0.0.202411081344/tools/bin/../lib/gcc/arm-none-eabi/13.3.1/../../../../arm-none-eabi/lib/thumb/v7e-m+fp/hard\libc_nano.a(libc_a-strlen.o)
 .ARM.exidx     0x080092d8        0x0 C:/ST/STM32CubeIDE_1.18.0/STM32CubeIDE/plugins/com.st.stm32cube.ide.mcu.externaltools.gnu-tools-for-stm32.13.3.rel1.win32_1.0.0.202411081344/tools/bin/../lib/gcc/arm-none-eabi/13.3.1/../../../../arm-none-eabi/lib/thumb/v7e-m+fp/hard\libc_nano.a(libc_a-memchr.o)
                                  0x8 (size before relaxing)
 .ARM.exidx     0x080092d8        0x0 C:/ST/STM32CubeIDE_1.18.0/STM32CubeIDE/plugins/com.st.stm32cube.ide.mcu.externaltools.gnu-tools-for-stm32.13.3.rel1.win32_1.0.0.202411081344/tools/bin/../lib/gcc/arm-none-eabi/13.3.1/thumb/v7e-m+fp/hard\libgcc.a(_udivmoddi4.o)
                                  0x8 (size before relaxing)
                0x080092d8                        __exidx_end = .
                0x080092d8                        . = ALIGN (0x4)

.preinit_array  0x080092d8        0x0
                0x080092d8                        . = ALIGN (0x4)
                0x080092d8                        PROVIDE (__preinit_array_start = .)
 *(.preinit_array*)
                0x080092d8                        PROVIDE (__preinit_array_end = .)
                0x080092d8                        . = ALIGN (0x4)

.init_array     0x080092d8        0x4
                0x080092d8                        . = ALIGN (0x4)
                0x080092d8                        PROVIDE (__init_array_start = .)
 *(SORT_BY_NAME(.init_array.*))
 *(.init_array*)
 .init_array    0x080092d8        0x4 C:/ST/STM32CubeIDE_1.18.0/STM32CubeIDE/plugins/com.st.stm32cube.ide.mcu.externaltools.gnu-tools-for-stm32.13.3.rel1.win32_1.0.0.202411081344/tools/bin/../lib/gcc/arm-none-eabi/13.3.1/thumb/v7e-m+fp/hard/crtbegin.o
                0x080092dc                        PROVIDE (__init_array_end = .)
                0x080092dc                        . = ALIGN (0x4)

.fini_array     0x080092dc        0x4
                0x080092dc                        . = ALIGN (0x4)
                [!provide]                        PROVIDE (__fini_array_start = .)
 *(SORT_BY_NAME(.fini_array.*))
 *(.fini_array*)
 .fini_array    0x080092dc        0x4 C:/ST/STM32CubeIDE_1.18.0/STM32CubeIDE/plugins/com.st.stm32cube.ide.mcu.externaltools.gnu-tools-for-stm32.13.3.rel1.win32_1.0.0.202411081344/tools/bin/../lib/gcc/arm-none-eabi/13.3.1/thumb/v7e-m+fp/hard/crtbegin.o
                [!provide]                        PROVIDE (__fini_array_end = .)
                0x080092e0                        . = ALIGN (0x4)
                0x080092e0                        _sidata = LOADADDR (.data)

.rel.dyn        0x080092e0        0x0
 .rel.iplt      0x080092e0        0x0 C:/ST/STM32CubeIDE_1.18.0/STM32CubeIDE/plugins/com.st.stm32cube.ide.mcu.externaltools.gnu-tools-for-stm32.13.3.rel1.win32_1.0.0.202411081344/tools/bin/../lib/gcc/arm-none-eabi/13.3.1/thumb/v7e-m+fp/hard/crtbegin.o

.data           0x20000000       0x70 load address 0x080092e0
                0x20000000                        . = ALIGN (0x4)
                0x20000000                        _sdata = .
 *(.data)
 *(.data*)
 .data.SystemCoreClock
                0x20000000        0x4 ./Core/Src/system_stm32f4xx.o
                0x20000000                SystemCoreClock
 .data.tx_buff  0x20000004        0x4 ./Core/ap/Listener/Listener_Tracking.o
                0x20000004                tx_buff
 .data.uwTickPrio
                0x20000008        0x4 ./Drivers/STM32F4xx_HAL_Driver/Src/stm32f4xx_hal.o
                0x20000008                uwTickPrio
 .data.uwTickFreq
                0x2000000c        0x1 ./Drivers/STM32F4xx_HAL_Driver/Src/stm32f4xx_hal.o
                0x2000000c                uwTickFreq
 *fill*         0x2000000d        0x3 
 .data.uxCriticalNesting
                0x20000010        0x4 ./Middlewares/Third_Party/FreeRTOS/Source/portable/GCC/ARM_CM4F/port.o
 .data.__sglue  0x20000014        0xc C:/ST/STM32CubeIDE_1.18.0/STM32CubeIDE/plugins/com.st.stm32cube.ide.mcu.externaltools.gnu-tools-for-stm32.13.3.rel1.win32_1.0.0.202411081344/tools/bin/../lib/gcc/arm-none-eabi/13.3.1/../../../../arm-none-eabi/lib/thumb/v7e-m+fp/hard\libc_nano.a(libc_a-findfp.o)
                0x20000014                __sglue
 .data._impure_ptr
                0x20000020        0x4 C:/ST/STM32CubeIDE_1.18.0/STM32CubeIDE/plugins/com.st.stm32cube.ide.mcu.externaltools.gnu-tools-for-stm32.13.3.rel1.win32_1.0.0.202411081344/tools/bin/../lib/gcc/arm-none-eabi/13.3.1/../../../../arm-none-eabi/lib/thumb/v7e-m+fp/hard\libc_nano.a(libc_a-impure.o)
                0x20000020                _impure_ptr
 .data._impure_data
                0x20000024       0x4c C:/ST/STM32CubeIDE_1.18.0/STM32CubeIDE/plugins/com.st.stm32cube.ide.mcu.externaltools.gnu-tools-for-stm32.13.3.rel1.win32_1.0.0.202411081344/tools/bin/../lib/gcc/arm-none-eabi/13.3.1/../../../../arm-none-eabi/lib/thumb/v7e-m+fp/hard\libc_nano.a(libc_a-impure.o)
                0x20000024                _impure_data
 *(.RamFunc)
 *(.RamFunc*)
                0x20000070                        . = ALIGN (0x4)
                0x20000070                        _edata = .

.igot.plt       0x20000070        0x0 load address 0x08009350
 .igot.plt      0x20000070        0x0 C:/ST/STM32CubeIDE_1.18.0/STM32CubeIDE/plugins/com.st.stm32cube.ide.mcu.externaltools.gnu-tools-for-stm32.13.3.rel1.win32_1.0.0.202411081344/tools/bin/../lib/gcc/arm-none-eabi/13.3.1/thumb/v7e-m+fp/hard/crtbegin.o
                0x20000070                        . = ALIGN (0x4)

.bss            0x20000070     0x44b0 load address 0x08009350
                0x20000070                        _sbss = .
                0x20000070                        __bss_start__ = _sbss
 *(.bss)
 .bss           0x20000070       0x1c C:/ST/STM32CubeIDE_1.18.0/STM32CubeIDE/plugins/com.st.stm32cube.ide.mcu.externaltools.gnu-tools-for-stm32.13.3.rel1.win32_1.0.0.202411081344/tools/bin/../lib/gcc/arm-none-eabi/13.3.1/thumb/v7e-m+fp/hard/crtbegin.o
 *(.bss*)
 .bss.defaultTaskHandle
                0x2000008c        0x4 ./Core/Src/freertos.o
                0x2000008c                defaultTaskHandle
 .bss.ListenerTaskHandle
                0x20000090        0x4 ./Core/Src/freertos.o
                0x20000090                ListenerTaskHandle
 .bss.ControllerTaskHandle
                0x20000094        0x4 ./Core/Src/freertos.o
                0x20000094                ControllerTaskHandle
 .bss.PresenterTaskHandle
                0x20000098        0x4 ./Core/Src/freertos.o
                0x20000098                PresenterTaskHandle
 .bss.xIdleTaskTCBBuffer
                0x2000009c       0xa0 ./Core/Src/freertos.o
 .bss.xIdleStack
                0x2000013c      0x200 ./Core/Src/freertos.o
 .bss.hi2c1     0x2000033c       0x54 ./Core/Src/i2c.o
                0x2000033c                hi2c1
 .bss.hspi1     0x20000390       0x58 ./Core/Src/spi.o
                0x20000390                hspi1
 .bss.htim11    0x200003e8       0x48 ./Core/Src/stm32f4xx_hal_timebase_tim.o
                0x200003e8                htim11
 .bss.g_isr_count
                0x20000430        0x4 ./Core/Src/stm32f4xx_it.o
                0x20000430                g_isr_count
 .bss.rx_index.1
                0x20000434        0x1 ./Core/Src/stm32f4xx_it.o
 .bss.tx_index.0
                0x20000435        0x1 ./Core/Src/stm32f4xx_it.o
 *fill*         0x20000436        0x2 
 .bss.__sbrk_heap_end
                0x20000438        0x4 ./Core/Src/sysmem.o
 .bss.htim1     0x2000043c       0x48 ./Core/Src/tim.o
                0x2000043c                htim1
 .bss.htim2     0x20000484       0x48 ./Core/Src/tim.o
                0x20000484                htim2
 .bss.htim3     0x200004cc       0x48 ./Core/Src/tim.o
                0x200004cc                htim3
 .bss.huart2    0x20000514       0x48 ./Core/Src/usart.o
                0x20000514                huart2
 .bss.trackingData
                0x2000055c       0x20 ./Core/ap/Controller/Controller_Tracking.o
                0x2000055c                trackingData
 .bss.prevState.3
                0x2000057c        0x1 ./Core/ap/Controller/Controller_Tracking.o
 *fill*         0x2000057d        0x3 
 .bss.rx_count.2
                0x20000580        0x4 ./Core/ap/Controller/Controller_Tracking.o
 .bss.valid_count.1
                0x20000584        0x4 ./Core/ap/Controller/Controller_Tracking.o
 .bss.prevData.0
                0x20000588       0x20 ./Core/ap/Controller/Controller_Tracking.o
 .bss.g_rx_packet_tracking
                0x200005a8        0x4 ./Core/ap/Listener/Listener_Tracking.o
                0x200005a8                g_rx_packet_tracking
 .bss.rx_buff   0x200005ac        0x4 ./Core/ap/Listener/Listener_Tracking.o
                0x200005ac                rx_buff
 .bss.hbtnStart
                0x200005b0        0xc ./Core/ap/Listener/Listener_Tracking.o
                0x200005b0                hbtnStart
 .bss.hbtnStop  0x200005bc        0xc ./Core/ap/Listener/Listener_Tracking.o
                0x200005bc                hbtnStop
 .bss.hbtnClear
                0x200005c8        0xc ./Core/ap/Listener/Listener_Tracking.o
                0x200005c8                hbtnClear
 .bss.hbtnTargetOn
                0x200005d4        0xc ./Core/ap/Listener/Listener_Tracking.o
                0x200005d4                hbtnTargetOn
 .bss.hbtnTargetLost
                0x200005e0        0xc ./Core/ap/Listener/Listener_Tracking.o
                0x200005e0                hbtnTargetLost
 .bss.hbtnTargetAimed
                0x200005ec        0xc ./Core/ap/Listener/Listener_Tracking.o
                0x200005ec                hbtnTargetAimed
 .bss.hbtnDebug
                0x200005f8        0xc ./Core/ap/Listener/Listener_Tracking.o
                0x200005f8                hbtnDebug
 .bss.hbtnDebugPanPlus
                0x20000604        0xc ./Core/ap/Listener/Listener_Tracking.o
                0x20000604                hbtnDebugPanPlus
 .bss.hbtnDebugPanMinus
                0x20000610        0xc ./Core/ap/Listener/Listener_Tracking.o
                0x20000610                hbtnDebugPanMinus
 .bss.trackingState
                0x2000061c        0x1 ./Core/ap/Model/Model_Tracking.o
                0x2000061c                trackingState
 *fill*         0x2000061d        0x3 
 .bss.trackingEventMsgBox
                0x20000620        0x4 ./Core/ap/Model/Model_Tracking.o
                0x20000620                trackingEventMsgBox
 .bss.trackingDataMsgBox
                0x20000624        0x4 ./Core/ap/Model/Model_Tracking.o
                0x20000624                trackingDataMsgBox
 .bss.poolTrackingEvent
                0x20000628        0x4 ./Core/ap/Model/Model_Tracking.o
                0x20000628                poolTrackingEvent
 .bss.poolTrackingData
                0x2000062c        0x4 ./Core/ap/Model/Model_Tracking.o
                0x2000062c                poolTrackingData
 .bss.hServoPan
                0x20000630       0x20 ./Core/ap/Presenter/Presenter_Tracking.o
                0x20000630                hServoPan
 .bss.hServoTilt
                0x20000650       0x20 ./Core/ap/Presenter/Presenter_Tracking.o
                0x20000650                hServoTilt
 .bss.freeCount.6
                0x20000670        0x4 ./Core/ap/Presenter/Presenter_Tracking.o
 .bss.prevState.5
                0x20000674        0x1 ./Core/ap/Presenter/Presenter_Tracking.o
 .bss.lcdData   0x20000675        0x1 ./Core/driver/lcd/lcd.o
                0x20000675                lcdData
 *fill*         0x20000676        0x2 
 .bss.hLcdI2C   0x20000678        0x4 ./Core/driver/lcd/lcd.o
                0x20000678                hLcdI2C
 .bss.uwTick    0x2000067c        0x4 ./Drivers/STM32F4xx_HAL_Driver/Src/stm32f4xx_hal.o
                0x2000067c                uwTick
 .bss.pxCurrentTCB
                0x20000680        0x4 ./Middlewares/Third_Party/FreeRTOS/Source/tasks.o
                0x20000680                pxCurrentTCB
 .bss.pxReadyTasksLists
                0x20000684       0x8c ./Middlewares/Third_Party/FreeRTOS/Source/tasks.o
 .bss.xDelayedTaskList1
                0x20000710       0x14 ./Middlewares/Third_Party/FreeRTOS/Source/tasks.o
 .bss.xDelayedTaskList2
                0x20000724       0x14 ./Middlewares/Third_Party/FreeRTOS/Source/tasks.o
 .bss.pxDelayedTaskList
                0x20000738        0x4 ./Middlewares/Third_Party/FreeRTOS/Source/tasks.o
 .bss.pxOverflowDelayedTaskList
                0x2000073c        0x4 ./Middlewares/Third_Party/FreeRTOS/Source/tasks.o
 .bss.xPendingReadyList
                0x20000740       0x14 ./Middlewares/Third_Party/FreeRTOS/Source/tasks.o
 .bss.xTasksWaitingTermination
                0x20000754       0x14 ./Middlewares/Third_Party/FreeRTOS/Source/tasks.o
 .bss.uxDeletedTasksWaitingCleanUp
                0x20000768        0x4 ./Middlewares/Third_Party/FreeRTOS/Source/tasks.o
 .bss.xSuspendedTaskList
                0x2000076c       0x14 ./Middlewares/Third_Party/FreeRTOS/Source/tasks.o
 .bss.uxCurrentNumberOfTasks
                0x20000780        0x4 ./Middlewares/Third_Party/FreeRTOS/Source/tasks.o
 .bss.xTickCount
                0x20000784        0x4 ./Middlewares/Third_Party/FreeRTOS/Source/tasks.o
 .bss.uxTopReadyPriority
                0x20000788        0x4 ./Middlewares/Third_Party/FreeRTOS/Source/tasks.o
 .bss.xSchedulerRunning
                0x2000078c        0x4 ./Middlewares/Third_Party/FreeRTOS/Source/tasks.o
 .bss.xPendedTicks
                0x20000790        0x4 ./Middlewares/Third_Party/FreeRTOS/Source/tasks.o
 .bss.xYieldPending
                0x20000794        0x4 ./Middlewares/Third_Party/FreeRTOS/Source/tasks.o
 .bss.xNumOfOverflows
                0x20000798        0x4 ./Middlewares/Third_Party/FreeRTOS/Source/tasks.o
 .bss.uxTaskNumber
                0x2000079c        0x4 ./Middlewares/Third_Party/FreeRTOS/Source/tasks.o
 .bss.xNextTaskUnblockTime
                0x200007a0        0x4 ./Middlewares/Third_Party/FreeRTOS/Source/tasks.o
 .bss.xIdleTaskHandle
                0x200007a4        0x4 ./Middlewares/Third_Party/FreeRTOS/Source/tasks.o
 .bss.uxSchedulerSuspended
                0x200007a8        0x4 ./Middlewares/Third_Party/FreeRTOS/Source/tasks.o
 .bss.ucMaxSysCallPriority
                0x200007ac        0x1 ./Middlewares/Third_Party/FreeRTOS/Source/portable/GCC/ARM_CM4F/port.o
 *fill*         0x200007ad        0x3 
 .bss.ulMaxPRIGROUPValue
                0x200007b0        0x4 ./Middlewares/Third_Party/FreeRTOS/Source/portable/GCC/ARM_CM4F/port.o
 .bss.ucHeap    0x200007b4     0x3c00 ./Middlewares/Third_Party/FreeRTOS/Source/portable/MemMang/heap_4.o
 .bss.xStart    0x200043b4        0x8 ./Middlewares/Third_Party/FreeRTOS/Source/portable/MemMang/heap_4.o
 .bss.pxEnd     0x200043bc        0x4 ./Middlewares/Third_Party/FreeRTOS/Source/portable/MemMang/heap_4.o
 .bss.xFreeBytesRemaining
                0x200043c0        0x4 ./Middlewares/Third_Party/FreeRTOS/Source/portable/MemMang/heap_4.o
 .bss.xMinimumEverFreeBytesRemaining
                0x200043c4        0x4 ./Middlewares/Third_Party/FreeRTOS/Source/portable/MemMang/heap_4.o
 .bss.xNumberOfSuccessfulAllocations
                0x200043c8        0x4 ./Middlewares/Third_Party/FreeRTOS/Source/portable/MemMang/heap_4.o
 .bss.xNumberOfSuccessfulFrees
                0x200043cc        0x4 ./Middlewares/Third_Party/FreeRTOS/Source/portable/MemMang/heap_4.o
 .bss.xBlockAllocatedBit
                0x200043d0        0x4 ./Middlewares/Third_Party/FreeRTOS/Source/portable/MemMang/heap_4.o
 .bss.__sf      0x200043d4      0x138 C:/ST/STM32CubeIDE_1.18.0/STM32CubeIDE/plugins/com.st.stm32cube.ide.mcu.externaltools.gnu-tools-for-stm32.13.3.rel1.win32_1.0.0.202411081344/tools/bin/../lib/gcc/arm-none-eabi/13.3.1/../../../../arm-none-eabi/lib/thumb/v7e-m+fp/hard\libc_nano.a(libc_a-findfp.o)
                0x200043d4                __sf
 .bss.__stdio_exit_handler
                0x2000450c        0x4 C:/ST/STM32CubeIDE_1.18.0/STM32CubeIDE/plugins/com.st.stm32cube.ide.mcu.externaltools.gnu-tools-for-stm32.13.3.rel1.win32_1.0.0.202411081344/tools/bin/../lib/gcc/arm-none-eabi/13.3.1/../../../../arm-none-eabi/lib/thumb/v7e-m+fp/hard\libc_nano.a(libc_a-findfp.o)
                0x2000450c                __stdio_exit_handler
 .bss.errno     0x20004510        0x4 C:/ST/STM32CubeIDE_1.18.0/STM32CubeIDE/plugins/com.st.stm32cube.ide.mcu.externaltools.gnu-tools-for-stm32.13.3.rel1.win32_1.0.0.202411081344/tools/bin/../lib/gcc/arm-none-eabi/13.3.1/../../../../arm-none-eabi/lib/thumb/v7e-m+fp/hard\libc_nano.a(libc_a-reent.o)
                0x20004510                errno
 .bss.__lock___malloc_recursive_mutex
                0x20004514        0x1 C:/ST/STM32CubeIDE_1.18.0/STM32CubeIDE/plugins/com.st.stm32cube.ide.mcu.externaltools.gnu-tools-for-stm32.13.3.rel1.win32_1.0.0.202411081344/tools/bin/../lib/gcc/arm-none-eabi/13.3.1/../../../../arm-none-eabi/lib/thumb/v7e-m+fp/hard\libc_nano.a(libc_a-lock.o)
                0x20004514                __lock___malloc_recursive_mutex
 .bss.__lock___sfp_recursive_mutex
                0x20004515        0x1 C:/ST/STM32CubeIDE_1.18.0/STM32CubeIDE/plugins/com.st.stm32cube.ide.mcu.externaltools.gnu-tools-for-stm32.13.3.rel1.win32_1.0.0.202411081344/tools/bin/../lib/gcc/arm-none-eabi/13.3.1/../../../../arm-none-eabi/lib/thumb/v7e-m+fp/hard\libc_nano.a(libc_a-lock.o)
                0x20004515                __lock___sfp_recursive_mutex
 *fill*         0x20004516        0x2 
 .bss.__malloc_sbrk_start
                0x20004518        0x4 C:/ST/STM32CubeIDE_1.18.0/STM32CubeIDE/plugins/com.st.stm32cube.ide.mcu.externaltools.gnu-tools-for-stm32.13.3.rel1.win32_1.0.0.202411081344/tools/bin/../lib/gcc/arm-none-eabi/13.3.1/../../../../arm-none-eabi/lib/thumb/v7e-m+fp/hard\libc_nano.a(libc_a-mallocr.o)
                0x20004518                __malloc_sbrk_start
 .bss.__malloc_free_list
                0x2000451c        0x4 C:/ST/STM32CubeIDE_1.18.0/STM32CubeIDE/plugins/com.st.stm32cube.ide.mcu.externaltools.gnu-tools-for-stm32.13.3.rel1.win32_1.0.0.202411081344/tools/bin/../lib/gcc/arm-none-eabi/13.3.1/../../../../arm-none-eabi/lib/thumb/v7e-m+fp/hard\libc_nano.a(libc_a-mallocr.o)
                0x2000451c                __malloc_free_list
 *(COMMON)
                0x20004520                        . = ALIGN (0x4)
                0x20004520                        _ebss = .
                0x20004520                        __bss_end__ = _ebss

._user_heap_stack
                0x20004520      0x600 load address 0x08009350
                0x20004520                        . = ALIGN (0x8)
                [!provide]                        PROVIDE (end = .)
                0x20004520                        PROVIDE (_end = .)
                0x20004720                        . = (. + _Min_Heap_Size)
 *fill*         0x20004520      0x200 
                0x20004b20                        . = (. + _Min_Stack_Size)
 *fill*         0x20004720      0x400 
                0x20004b20                        . = ALIGN (0x8)

/DISCARD/
 libc.a(*)
 libm.a(*)
 libgcc.a(*)

.ARM.attributes
                0x00000000       0x30
 *(.ARM.attributes)
 .ARM.attributes
                0x00000000       0x22 C:/ST/STM32CubeIDE_1.18.0/STM32CubeIDE/plugins/com.st.stm32cube.ide.mcu.externaltools.gnu-tools-for-stm32.13.3.rel1.win32_1.0.0.202411081344/tools/bin/../lib/gcc/arm-none-eabi/13.3.1/thumb/v7e-m+fp/hard/crti.o
 .ARM.attributes
                0x00000022       0x34 C:/ST/STM32CubeIDE_1.18.0/STM32CubeIDE/plugins/com.st.stm32cube.ide.mcu.externaltools.gnu-tools-for-stm32.13.3.rel1.win32_1.0.0.202411081344/tools/bin/../lib/gcc/arm-none-eabi/13.3.1/thumb/v7e-m+fp/hard/crtbegin.o
 .ARM.attributes
                0x00000056       0x34 ./Core/Src/freertos.o
 .ARM.attributes
                0x0000008a       0x34 ./Core/Src/gpio.o
 .ARM.attributes
                0x000000be       0x34 ./Core/Src/i2c.o
 .ARM.attributes
                0x000000f2       0x34 ./Core/Src/main.o
 .ARM.attributes
                0x00000126       0x34 ./Core/Src/spi.o
 .ARM.attributes
                0x0000015a       0x34 ./Core/Src/stm32f4xx_hal_msp.o
 .ARM.attributes
                0x0000018e       0x34 ./Core/Src/stm32f4xx_hal_timebase_tim.o
 .ARM.attributes
                0x000001c2       0x34 ./Core/Src/stm32f4xx_it.o
 .ARM.attributes
                0x000001f6       0x34 ./Core/Src/syscalls.o
 .ARM.attributes
                0x0000022a       0x34 ./Core/Src/sysmem.o
 .ARM.attributes
                0x0000025e       0x34 ./Core/Src/system_stm32f4xx.o
 .ARM.attributes
                0x00000292       0x34 ./Core/Src/tim.o
 .ARM.attributes
                0x000002c6       0x34 ./Core/Src/usart.o
 .ARM.attributes
                0x000002fa       0x21 ./Core/Startup/startup_stm32f411retx.o
 .ARM.attributes
                0x0000031b       0x34 ./Core/ap/Common/Common.o
 .ARM.attributes
                0x0000034f       0x34 ./Core/ap/Controller/Controller.o
 .ARM.attributes
                0x00000383       0x34 ./Core/ap/Controller/Controller_Tracking.o
 .ARM.attributes
                0x000003b7       0x34 ./Core/ap/Listener/Listener.o
 .ARM.attributes
                0x000003eb       0x34 ./Core/ap/Listener/Listener_Tracking.o
 .ARM.attributes
                0x0000041f       0x34 ./Core/ap/Model/Model_Tracking.o
 .ARM.attributes
                0x00000453       0x34 ./Core/ap/Presenter/Presenter.o
 .ARM.attributes
                0x00000487       0x34 ./Core/ap/Presenter/Presenter_Tracking.o
 .ARM.attributes
                0x000004bb       0x34 ./Core/driver/ServoMotor/ServoMotor.o
 .ARM.attributes
                0x000004ef       0x34 ./Core/driver/button/button.o
 .ARM.attributes
                0x00000523       0x34 ./Core/driver/lcd/lcd.o
 .ARM.attributes
                0x00000557       0x34 ./Drivers/STM32F4xx_HAL_Driver/Src/stm32f4xx_hal.o
 .ARM.attributes
                0x0000058b       0x34 ./Drivers/STM32F4xx_HAL_Driver/Src/stm32f4xx_hal_cortex.o
 .ARM.attributes
                0x000005bf       0x34 ./Drivers/STM32F4xx_HAL_Driver/Src/stm32f4xx_hal_gpio.o
 .ARM.attributes