Copyright 1986-2020 Xilinx, Inc. All Rights Reserved.
------------------------------------------------------------------------------------
| Tool Version : Vivado v.2020.2 (win64) Build 3064766 Wed Nov 18 09:12:45 MST 2020
| Date         : Sun Jan 18 23:10:26 2026
| Host         : DESKTOP-7CFQ9ND running 64-bit major release  (build 9200)
| Command      : report_control_sets -verbose -file top_control_sets_placed.rpt
| Design       : top
| Device       : xc7a35t
------------------------------------------------------------------------------------

Control Set Information

Table of Contents
-----------------
1. Summary
2. Histogram
3. Flip-Flop Distribution
4. Detailed Control Set Information

1. Summary
----------

+----------------------------------------------------------+-------+
|                          Status                          | Count |
+----------------------------------------------------------+-------+
| Total control sets                                       |   150 |
|    Minimum number of control sets                        |   150 |
|    Addition due to synthesis replication                 |     0 |
|    Addition due to physical synthesis replication        |     0 |
| Unused register locations in slices containing registers |   792 |
+----------------------------------------------------------+-------+
* Control sets can be merged at opt_design using control_set_merge or merge_equivalent_drivers
** Run report_qor_suggestions for automated merging and remapping suggestions


2. Histogram
------------

+--------------------+-------+
|       Fanout       | Count |
+--------------------+-------+
| Total control sets |   150 |
| >= 0 to < 4        |     4 |
| >= 4 to < 6        |     5 |
| >= 6 to < 8        |     2 |
| >= 8 to < 10       |     5 |
| >= 10 to < 12      |   102 |
| >= 12 to < 14      |     0 |
| >= 14 to < 16      |     2 |
| >= 16              |    30 |
+--------------------+-------+
* Control sets can be remapped at either synth_design or opt_design


3. Flip-Flop Distribution
-------------------------

+--------------+-----------------------+------------------------+-----------------+--------------+
| Clock Enable | Synchronous Set/Reset | Asynchronous Set/Reset | Total Registers | Total Slices |
+--------------+-----------------------+------------------------+-----------------+--------------+
| No           | No                    | No                     |              23 |           12 |
| No           | No                    | Yes                    |             138 |           62 |
| No           | Yes                   | No                     |              26 |           10 |
| Yes          | No                    | No                     |               0 |            0 |
| Yes          | No                    | Yes                    |            2348 |          903 |
| Yes          | Yes                   | No                     |              73 |           25 |
+--------------+-----------------------+------------------------+-----------------+--------------+


4. Detailed Control Set Information
-----------------------------------

+--------------------------+-------------------------------------------------------------+---------------------------------------------------------+------------------+----------------+--------------+
|       Clock Signal       |                        Enable Signal                        |                     Set/Reset Signal                    | Slice Load Count | Bel Load Count | Bels / Slice |
+--------------------------+-------------------------------------------------------------+---------------------------------------------------------+------------------+----------------+--------------+
|  clk_IBUF_BUFG           | U_ps2_keyboard_only_top/U_PS2_RX_KEYBOARD/E[0]              | U_RED_TRACKER_MANUAL/reset                              |                1 |              1 |         1.00 |
|  clk_IBUF_BUFG           | U_ps2_keyboard_only_top/U_PS2_RX_KEYBOARD/E[1]              | U_RED_TRACKER_MANUAL/reset                              |                1 |              1 |         1.00 |
|  pclk_IBUF_BUFG          |                                                             |                                                         |                1 |              2 |         2.00 |
|  clk_IBUF_BUFG           |                                                             |                                                         |                2 |              3 |         1.50 |
|  u_clk_wiz/inst/clk_out1 |                                                             | U_VGA_SYNCHER/U_PIXEL_COUNTER/h_counter_reg[5]_rep__1_0 |                2 |              4 |         2.00 |
|  u_clk_wiz/inst/clk_out1 |                                                             | U_VGA_SYNCHER/U_PIXEL_COUNTER/vir_signal_reg            |                2 |              4 |         2.00 |
|  u_clk_wiz/inst/clk_out1 |                                                             | U_VGA_SYNCHER/U_PIXEL_COUNTER/r_port[3]_i_8_0           |                2 |              4 |         2.00 |
|  clk_IBUF_BUFG           | U_SCCB/U_SCCB_CONTROLLER/FSM_sequential_state[4]_i_1_n_0    | U_RED_TRACKER_MANUAL/reset                              |                2 |              5 |         2.50 |
|  pclk_IBUF_BUFG          | U_OV7670_MEM_CONTROLLER/pixelData[7]                        | U_RED_TRACKER_MANUAL/reset                              |                2 |              5 |         2.50 |
|  u_clk_wiz/inst/clk_out1 | U_SPI/u_spi/bit_cnt[5]_i_1_n_0                              | U_RED_TRACKER_MANUAL/reset                              |                3 |              6 |         2.00 |
|  u_clk_wiz/inst/clk_out1 | enemy_predict_2s/miss_cnt                                   | U_RED_TRACKER_MANUAL/reset                              |                4 |              7 |         1.75 |
|  clk_IBUF_BUFG           | U_SCCB/U_SCCB_CONTROLLER/tx_data_next                       | U_RED_TRACKER_MANUAL/reset                              |                2 |              8 |         4.00 |
|  clk_IBUF_BUFG           | U_SCCB/U_SCCB_CONTROLLER/sccb_addr_next                     | U_RED_TRACKER_MANUAL/reset                              |                3 |              8 |         2.67 |
|  clk_IBUF_BUFG           | U_ps2_keyboard_only_top/U_PS2_RX_KEYBOARD/rx_buffer_next    | U_RED_TRACKER_MANUAL/reset                              |                2 |              8 |         4.00 |
|  clk_IBUF_BUFG           | U_ps2_keyboard_only_top/U_PS2_RX_KEYBOARD/rx_data_next      | U_RED_TRACKER_MANUAL/reset                              |                1 |              8 |         8.00 |
|  pclk_IBUF_BUFG          | U_OV7670_MEM_CONTROLLER/pixelData[15]                       | U_RED_TRACKER_MANUAL/reset                              |                3 |              8 |         2.67 |
|  u_clk_wiz/inst/clk_out1 | U_VGA_SYNCHER/U_PIXEL_COUNTER/vsync_d_reg_16[0]             | U_RED_TRACKER_MANUAL/reset                              |                7 |             10 |         1.43 |
|  u_clk_wiz/inst/clk_out1 | U_VGA_SYNCHER/U_PIXEL_COUNTER/vsync_d_reg_23[0]             | U_RED_TRACKER_MANUAL/reset                              |                3 |             10 |         3.33 |
|  u_clk_wiz/inst/clk_out1 | U_VGA_SYNCHER/U_PIXEL_COUNTER/vsync_d_reg_3[0]              | U_RED_TRACKER_MANUAL/reset                              |                6 |             10 |         1.67 |
|  u_clk_wiz/inst/clk_out1 | U_VGA_SYNCHER/U_PIXEL_COUNTER/vsync_d_reg_19[0]             | U_RED_TRACKER_MANUAL/reset                              |                5 |             10 |         2.00 |
|  u_clk_wiz/inst/clk_out1 | U_VGA_SYNCHER/U_PIXEL_COUNTER/vsync_d_reg_7[0]              | U_RED_TRACKER_MANUAL/reset                              |                3 |             10 |         3.33 |
|  u_clk_wiz/inst/clk_out1 | U_RED_TRACKER_MANUAL/aim_x_all[4][9]_i_1_n_0                | U_RED_TRACKER_MANUAL/reset                              |                2 |             10 |         5.00 |
|  u_clk_wiz/inst/clk_out1 | U_RED_TRACKER_MANUAL/aim_x_all                              | U_RED_TRACKER_MANUAL/reset                              |                2 |             10 |         5.00 |
|  u_clk_wiz/inst/clk_out1 | U_RED_TRACKER_MANUAL/aim_x_all[0][9]_i_1_n_0                | U_RED_TRACKER_MANUAL/reset                              |                3 |             10 |         3.33 |
|  u_clk_wiz/inst/clk_out1 | U_RED_TRACKER_MANUAL/aim_x_all[10][9]_i_1_n_0               | U_RED_TRACKER_MANUAL/reset                              |                2 |             10 |         5.00 |
|  u_clk_wiz/inst/clk_out1 | U_RED_TRACKER_MANUAL/aim_x_all[11][9]_i_1_n_0               | U_RED_TRACKER_MANUAL/reset                              |                2 |             10 |         5.00 |
|  u_clk_wiz/inst/clk_out1 | U_RED_TRACKER_MANUAL/aim_x_all[12][9]_i_1_n_0               | U_RED_TRACKER_MANUAL/reset                              |                3 |             10 |         3.33 |
|  u_clk_wiz/inst/clk_out1 | U_RED_TRACKER_MANUAL/aim_x_all[13][9]_i_1_n_0               | U_RED_TRACKER_MANUAL/reset                              |                3 |             10 |         3.33 |
|  u_clk_wiz/inst/clk_out1 | U_RED_TRACKER_MANUAL/aim_x_all[14][9]_i_1_n_0               | U_RED_TRACKER_MANUAL/reset                              |                2 |             10 |         5.00 |
|  u_clk_wiz/inst/clk_out1 | U_RED_TRACKER_MANUAL/aim_x_all[1][9]_i_1_n_0                | U_RED_TRACKER_MANUAL/reset                              |                2 |             10 |         5.00 |
|  u_clk_wiz/inst/clk_out1 | U_RED_TRACKER_MANUAL/aim_x_all[2][9]_i_1_n_0                | U_RED_TRACKER_MANUAL/reset                              |                2 |             10 |         5.00 |
|  u_clk_wiz/inst/clk_out1 | U_RED_TRACKER_MANUAL/aim_x_all[3][9]_i_1_n_0                | U_RED_TRACKER_MANUAL/reset                              |                2 |             10 |         5.00 |
|  u_clk_wiz/inst/clk_out1 | U_RED_TRACKER_MANUAL/aim_y_all[10][9]_i_1_n_0               | U_RED_TRACKER_MANUAL/reset                              |                2 |             10 |         5.00 |
|  u_clk_wiz/inst/clk_out1 | U_RED_TRACKER_MANUAL/aim_y_all[11][9]_i_1_n_0               | U_RED_TRACKER_MANUAL/reset                              |                3 |             10 |         3.33 |
|  u_clk_wiz/inst/clk_out1 | U_RED_TRACKER_MANUAL/aim_x_all[5][9]_i_1_n_0                | U_RED_TRACKER_MANUAL/reset                              |                2 |             10 |         5.00 |
|  u_clk_wiz/inst/clk_out1 | U_RED_TRACKER_MANUAL/aim_x_all[6][9]_i_1_n_0                | U_RED_TRACKER_MANUAL/reset                              |                2 |             10 |         5.00 |
|  u_clk_wiz/inst/clk_out1 | U_RED_TRACKER_MANUAL/aim_x_all[7][9]_i_1_n_0                | U_RED_TRACKER_MANUAL/reset                              |                2 |             10 |         5.00 |
|  u_clk_wiz/inst/clk_out1 | U_RED_TRACKER_MANUAL/aim_x_all[8][9]_i_1_n_0                | U_RED_TRACKER_MANUAL/reset                              |                2 |             10 |         5.00 |
|  u_clk_wiz/inst/clk_out1 | U_RED_TRACKER_MANUAL/aim_x_all[9][9]_i_1_n_0                | U_RED_TRACKER_MANUAL/reset                              |                2 |             10 |         5.00 |
|  u_clk_wiz/inst/clk_out1 | U_RED_TRACKER_MANUAL/aim_y_all                              | U_RED_TRACKER_MANUAL/reset                              |                4 |             10 |         2.50 |
|  u_clk_wiz/inst/clk_out1 | U_RED_TRACKER_MANUAL/aim_y_all[0][9]_i_1_n_0                | U_RED_TRACKER_MANUAL/reset                              |                2 |             10 |         5.00 |
|  u_clk_wiz/inst/clk_out1 | U_RED_TRACKER_MANUAL/aim_y_all[12][9]_i_1_n_0               | U_RED_TRACKER_MANUAL/reset                              |                2 |             10 |         5.00 |
|  u_clk_wiz/inst/clk_out1 | U_RED_TRACKER_MANUAL/aim_y_all[13][9]_i_1_n_0               | U_RED_TRACKER_MANUAL/reset                              |                3 |             10 |         3.33 |
|  u_clk_wiz/inst/clk_out1 | U_RED_TRACKER_MANUAL/aim_y_all[14][9]_i_1_n_0               | U_RED_TRACKER_MANUAL/reset                              |                3 |             10 |         3.33 |
|  u_clk_wiz/inst/clk_out1 | U_RED_TRACKER_MANUAL/aim_y_all[1][9]_i_1_n_0                | U_RED_TRACKER_MANUAL/reset                              |                2 |             10 |         5.00 |
|  u_clk_wiz/inst/clk_out1 | U_RED_TRACKER_MANUAL/aim_y_all[2][9]_i_1_n_0                | U_RED_TRACKER_MANUAL/reset                              |                2 |             10 |         5.00 |
|  u_clk_wiz/inst/clk_out1 | U_RED_TRACKER_MANUAL/aim_y_all[3][9]_i_1_n_0                | U_RED_TRACKER_MANUAL/reset                              |                3 |             10 |         3.33 |
|  u_clk_wiz/inst/clk_out1 | U_RED_TRACKER_MANUAL/aim_y_all[4][9]_i_1_n_0                | U_RED_TRACKER_MANUAL/reset                              |                3 |             10 |         3.33 |
|  u_clk_wiz/inst/clk_out1 | U_RED_TRACKER_MANUAL/aim_y_all[5][9]_i_1_n_0                | U_RED_TRACKER_MANUAL/reset                              |                2 |             10 |         5.00 |
|  u_clk_wiz/inst/clk_out1 | U_RED_TRACKER_MANUAL/aim_y_all[6][9]_i_1_n_0                | U_RED_TRACKER_MANUAL/reset                              |                2 |             10 |         5.00 |
|  u_clk_wiz/inst/clk_out1 | U_RED_TRACKER_MANUAL/aim_y_all[7][9]_i_1_n_0                | U_RED_TRACKER_MANUAL/reset                              |                2 |             10 |         5.00 |
|  u_clk_wiz/inst/clk_out1 | U_RED_TRACKER_MANUAL/aim_y_all[8][9]_i_1_n_0                | U_RED_TRACKER_MANUAL/reset                              |                2 |             10 |         5.00 |
|  u_clk_wiz/inst/clk_out1 | U_RED_TRACKER_MANUAL/aim_y_all[9][9]_i_1_n_0                | U_RED_TRACKER_MANUAL/reset                              |                3 |             10 |         3.33 |
|  u_clk_wiz/inst/clk_out1 | U_VGA_SYNCHER/U_PIXEL_COUNTER/vsync_d_reg_28[0]             | U_RED_TRACKER_MANUAL/reset                              |                3 |             10 |         3.33 |
|  u_clk_wiz/inst/clk_out1 | U_VGA_SYNCHER/U_PIXEL_COUNTER/vsync_d_reg_22[0]             | U_RED_TRACKER_MANUAL/reset                              |                4 |             10 |         2.50 |
|  u_clk_wiz/inst/clk_out1 | U_VGA_SYNCHER/U_PIXEL_COUNTER/vsync_d_reg_5[0]              | U_RED_TRACKER_MANUAL/reset                              |                4 |             10 |         2.50 |
|  u_clk_wiz/inst/clk_out1 | U_VGA_SYNCHER/U_PIXEL_COUNTER/vsync_d_reg_2[0]              | U_RED_TRACKER_MANUAL/reset                              |                6 |             10 |         1.67 |
|  u_clk_wiz/inst/clk_out1 | U_VGA_SYNCHER/U_PIXEL_COUNTER/vsync_d_reg_25[0]             | U_RED_TRACKER_MANUAL/reset                              |                5 |             10 |         2.00 |
|  u_clk_wiz/inst/clk_out1 | U_VGA_SYNCHER/U_PIXEL_COUNTER/vsync_d_reg_9[0]              | U_RED_TRACKER_MANUAL/reset                              |                3 |             10 |         3.33 |
|  u_clk_wiz/inst/clk_out1 | U_RED_TRACKER_AUTO/aim_x[9]_i_1_n_0                         | U_RED_TRACKER_MANUAL/reset                              |                4 |             10 |         2.50 |
|  u_clk_wiz/inst/clk_out1 | U_RED_TRACKER_AUTO/aim_y[9]_i_1_n_0                         | U_RED_TRACKER_MANUAL/reset                              |                2 |             10 |         5.00 |
|  u_clk_wiz/inst/clk_out1 | U_VGA_SYNCHER/U_PIXEL_COUNTER/vsync_d_reg_8[0]              | U_RED_TRACKER_MANUAL/reset                              |                5 |             10 |         2.00 |
|  u_clk_wiz/inst/clk_out1 | U_VGA_SYNCHER/U_PIXEL_COUNTER/h_counter_reg[9]_rep__3_12[0] | U_RED_TRACKER_MANUAL/reset                              |                3 |             10 |         3.33 |
|  u_clk_wiz/inst/clk_out1 | U_VGA_SYNCHER/U_PIXEL_COUNTER/vsync_d_reg_12[0]             | U_RED_TRACKER_MANUAL/reset                              |                6 |             10 |         1.67 |
|  u_clk_wiz/inst/clk_out1 | U_VGA_SYNCHER/U_PIXEL_COUNTER/vsync_d_reg_13[0]             | U_RED_TRACKER_MANUAL/reset                              |                3 |             10 |         3.33 |
|  u_clk_wiz/inst/clk_out1 | U_VGA_SYNCHER/U_PIXEL_COUNTER/vsync_d_reg_14[0]             | U_RED_TRACKER_MANUAL/reset                              |                4 |             10 |         2.50 |
|  u_clk_wiz/inst/clk_out1 | U_VGA_SYNCHER/U_PIXEL_COUNTER/vsync_d_reg_15[0]             | U_RED_TRACKER_MANUAL/reset                              |                7 |             10 |         1.43 |
|  u_clk_wiz/inst/clk_out1 | U_VGA_SYNCHER/U_PIXEL_COUNTER/vsync_d_reg_0[0]              | U_RED_TRACKER_MANUAL/reset                              |                5 |             10 |         2.00 |
|  u_clk_wiz/inst/clk_out1 | U_VGA_SYNCHER/U_PIXEL_COUNTER/vsync_d_reg_1[0]              | U_RED_TRACKER_MANUAL/reset                              |                3 |             10 |         3.33 |
|  u_clk_wiz/inst/clk_out1 | U_VGA_SYNCHER/U_PIXEL_COUNTER/vsync_d_reg_10[0]             | U_RED_TRACKER_MANUAL/reset                              |                2 |             10 |         5.00 |
|  u_clk_wiz/inst/clk_out1 | U_VGA_SYNCHER/U_PIXEL_COUNTER/vsync_d_reg_11[0]             | U_RED_TRACKER_MANUAL/reset                              |                5 |             10 |         2.00 |
|  u_clk_wiz/inst/clk_out1 | U_VGA_SYNCHER/U_PIXEL_COUNTER/vsync_d_reg_17[0]             | U_RED_TRACKER_MANUAL/reset                              |                7 |             10 |         1.43 |
|  u_clk_wiz/inst/clk_out1 | U_VGA_SYNCHER/U_PIXEL_COUNTER/vsync_d_reg_20[0]             | U_RED_TRACKER_MANUAL/reset                              |                5 |             10 |         2.00 |
|  u_clk_wiz/inst/clk_out1 | U_VGA_SYNCHER/U_PIXEL_COUNTER/h_counter_reg[9]_rep__3_11[0] | U_RED_TRACKER_MANUAL/reset                              |                7 |             10 |         1.43 |
|  u_clk_wiz/inst/clk_out1 | U_VGA_SYNCHER/U_PIXEL_COUNTER/vsync_d_reg_26[0]             | U_RED_TRACKER_MANUAL/reset                              |                5 |             10 |         2.00 |
|  u_clk_wiz/inst/clk_out1 | U_VGA_SYNCHER/U_PIXEL_COUNTER/E[0]                          | U_RED_TRACKER_MANUAL/reset                              |                4 |             10 |         2.50 |
|  u_clk_wiz/inst/clk_out1 | U_VGA_SYNCHER/U_PIXEL_COUNTER/vsync_d_reg_21[0]             | U_RED_TRACKER_MANUAL/reset                              |                7 |             10 |         1.43 |
|  u_clk_wiz/inst/clk_out1 | U_VGA_SYNCHER/U_PIXEL_COUNTER/vsync_d_reg_24[0]             | U_RED_TRACKER_MANUAL/reset                              |                2 |             10 |         5.00 |
|  u_clk_wiz/inst/clk_out1 | U_VGA_SYNCHER/U_PIXEL_COUNTER/vsync_d_reg_4[0]              | U_RED_TRACKER_MANUAL/reset                              |                5 |             10 |         2.00 |
|  u_clk_wiz/inst/clk_out1 | U_VGA_SYNCHER/U_PIXEL_COUNTER/vsync_d_reg_6[0]              | U_RED_TRACKER_MANUAL/reset                              |                4 |             10 |         2.50 |
|  u_clk_wiz/inst/clk_out1 | U_VGA_SYNCHER/U_PIXEL_COUNTER/vsync_d_reg_29[0]             | U_RED_TRACKER_MANUAL/reset                              |                4 |             10 |         2.50 |
|  u_clk_wiz/inst/clk_out1 | U_VGA_SYNCHER/U_PIXEL_COUNTER/vsync_d_reg_18[0]             | U_RED_TRACKER_MANUAL/reset                              |                7 |             10 |         1.43 |
|  u_clk_wiz/inst/clk_out1 | U_VGA_SYNCHER/U_PIXEL_COUNTER/vsync_d_reg_27[0]             | U_RED_TRACKER_MANUAL/reset                              |                3 |             10 |         3.33 |
|  u_clk_wiz/inst/clk_out1 | U_VGA_SYNCHER/U_PIXEL_COUNTER/vsync_d_reg_30[0]             | U_RED_TRACKER_MANUAL/reset                              |                3 |             10 |         3.33 |
|  u_clk_wiz/inst/clk_out1 | U_VGA_SYNCHER/U_PIXEL_COUNTER/vsync_d_reg_48[0]             | U_RED_TRACKER_MANUAL/reset                              |                6 |             11 |         1.83 |
|  u_clk_wiz/inst/clk_out1 | U_VGA_SYNCHER/U_PIXEL_COUNTER/vsync_d_reg_39[0]             | U_RED_TRACKER_MANUAL/reset                              |                7 |             11 |         1.57 |
|  u_clk_wiz/inst/clk_out1 | U_VGA_SYNCHER/U_PIXEL_COUNTER/vsync_d_reg_55[0]             | U_RED_TRACKER_MANUAL/reset                              |                7 |             11 |         1.57 |
|  u_clk_wiz/inst/clk_out1 | U_VGA_SYNCHER/U_PIXEL_COUNTER/vsync_d_reg_53[0]             | U_RED_TRACKER_MANUAL/reset                              |                4 |             11 |         2.75 |
|  u_clk_wiz/inst/clk_out1 | U_VGA_SYNCHER/U_PIXEL_COUNTER/vsync_d_reg_44[0]             | U_RED_TRACKER_MANUAL/reset                              |                8 |             11 |         1.38 |
|  u_clk_wiz/inst/clk_out1 | U_VGA_SYNCHER/U_PIXEL_COUNTER/vsync_d_reg_34[0]             | U_RED_TRACKER_MANUAL/reset                              |                7 |             11 |         1.57 |
|  u_clk_wiz/inst/clk_out1 | U_VGA_SYNCHER/U_PIXEL_COUNTER/vsync_d_reg_37[0]             | U_RED_TRACKER_MANUAL/reset                              |                8 |             11 |         1.38 |
|  u_clk_wiz/inst/clk_out1 | U_VGA_SYNCHER/U_PIXEL_COUNTER/vsync_d_reg_61[0]             | U_RED_TRACKER_MANUAL/reset                              |                6 |             11 |         1.83 |
|  u_clk_wiz/inst/clk_out1 | U_VGA_SYNCHER/U_PIXEL_COUNTER/vsync_d_reg_38[0]             | U_RED_TRACKER_MANUAL/reset                              |                6 |             11 |         1.83 |
|  u_clk_wiz/inst/clk_out1 | U_VGA_SYNCHER/U_PIXEL_COUNTER/vsync_d_reg_36[0]             | U_RED_TRACKER_MANUAL/reset                              |                6 |             11 |         1.83 |
|  u_clk_wiz/inst/clk_out1 | U_VGA_SYNCHER/U_PIXEL_COUNTER/vsync_d_reg_56[0]             | U_RED_TRACKER_MANUAL/reset                              |                4 |             11 |         2.75 |
|  u_clk_wiz/inst/clk_out1 | U_VGA_SYNCHER/U_PIXEL_COUNTER/vsync_d_reg_32[0]             | U_RED_TRACKER_MANUAL/reset                              |                7 |             11 |         1.57 |
|  u_clk_wiz/inst/clk_out1 | U_VGA_SYNCHER/U_PIXEL_COUNTER/x_min_reg[10][0]              | U_RED_TRACKER_MANUAL/reset                              |                4 |             11 |         2.75 |
|  u_clk_wiz/inst/clk_out1 | U_VGA_SYNCHER/U_PIXEL_COUNTER/vsync_d_reg_33[0]             | U_RED_TRACKER_MANUAL/reset                              |                6 |             11 |         1.83 |
|  u_clk_wiz/inst/clk_out1 | U_VGA_SYNCHER/U_PIXEL_COUNTER/vsync_d_reg_43[0]             | U_RED_TRACKER_MANUAL/reset                              |                6 |             11 |         1.83 |
|  u_clk_wiz/inst/clk_out1 | U_VGA_SYNCHER/U_PIXEL_COUNTER/vsync_d_reg_45[0]             | U_RED_TRACKER_MANUAL/reset                              |                7 |             11 |         1.57 |
|  u_clk_wiz/inst/clk_out1 | U_VGA_SYNCHER/U_PIXEL_COUNTER/vsync_d_reg_40[0]             | U_RED_TRACKER_MANUAL/reset                              |                7 |             11 |         1.57 |
|  u_clk_wiz/inst/clk_out1 | U_VGA_SYNCHER/U_PIXEL_COUNTER/vsync_d_reg_41[0]             | U_RED_TRACKER_MANUAL/reset                              |                5 |             11 |         2.20 |
|  u_clk_wiz/inst/clk_out1 | U_VGA_SYNCHER/U_PIXEL_COUNTER/vsync_d_reg_47[0]             | U_RED_TRACKER_MANUAL/reset                              |                6 |             11 |         1.83 |
|  u_clk_wiz/inst/clk_out1 | U_VGA_SYNCHER/U_PIXEL_COUNTER/vsync_d_reg_31[0]             | U_RED_TRACKER_MANUAL/reset                              |                8 |             11 |         1.38 |
|  u_clk_wiz/inst/clk_out1 | U_VGA_SYNCHER/U_PIXEL_COUNTER/vsync_d_reg_42[0]             | U_RED_TRACKER_MANUAL/reset                              |                5 |             11 |         2.20 |
|  u_clk_wiz/inst/clk_out1 | U_VGA_SYNCHER/U_PIXEL_COUNTER/vsync_d_reg_54[0]             | U_RED_TRACKER_MANUAL/reset                              |                6 |             11 |         1.83 |
|  u_clk_wiz/inst/clk_out1 | U_VGA_SYNCHER/U_PIXEL_COUNTER/vsync_d_reg_49[0]             | U_RED_TRACKER_MANUAL/reset                              |                6 |             11 |         1.83 |
|  u_clk_wiz/inst/clk_out1 | U_VGA_SYNCHER/U_PIXEL_COUNTER/vsync_d_reg_50[0]             | U_RED_TRACKER_MANUAL/reset                              |                7 |             11 |         1.57 |
|  u_clk_wiz/inst/clk_out1 | U_VGA_SYNCHER/U_PIXEL_COUNTER/vsync_d_reg_51[0]             | U_RED_TRACKER_MANUAL/reset                              |                6 |             11 |         1.83 |
|  u_clk_wiz/inst/clk_out1 | U_VGA_SYNCHER/U_PIXEL_COUNTER/vsync_d_reg_60[0]             | U_RED_TRACKER_MANUAL/reset                              |                6 |             11 |         1.83 |
|  u_clk_wiz/inst/clk_out1 | U_VGA_SYNCHER/U_PIXEL_COUNTER/vsync_d_reg_58[0]             | U_RED_TRACKER_MANUAL/reset                              |                8 |             11 |         1.38 |
|  u_clk_wiz/inst/clk_out1 | U_VGA_SYNCHER/U_PIXEL_COUNTER/vsync_d_reg_35[0]             | U_RED_TRACKER_MANUAL/reset                              |                7 |             11 |         1.57 |
|  u_clk_wiz/inst/clk_out1 | U_VGA_SYNCHER/U_PIXEL_COUNTER/y_min_reg[10][0]              | U_RED_TRACKER_MANUAL/reset                              |                6 |             11 |         1.83 |
|  u_clk_wiz/inst/clk_out1 | U_VGA_SYNCHER/U_PIXEL_COUNTER/vsync_d_reg_52[0]             | U_RED_TRACKER_MANUAL/reset                              |                6 |             11 |         1.83 |
|  u_clk_wiz/inst/clk_out1 | U_VGA_SYNCHER/U_PIXEL_COUNTER/vsync_d_reg_57[0]             | U_RED_TRACKER_MANUAL/reset                              |                4 |             11 |         2.75 |
|  u_clk_wiz/inst/clk_out1 | U_VGA_SYNCHER/U_PIXEL_COUNTER/vsync_d_reg_62[0]             | U_RED_TRACKER_MANUAL/reset                              |                5 |             11 |         2.20 |
|  u_clk_wiz/inst/clk_out1 | U_VGA_SYNCHER/U_PIXEL_COUNTER/vsync_d_reg_59[0]             | U_RED_TRACKER_MANUAL/reset                              |                6 |             11 |         1.83 |
|  u_clk_wiz/inst/clk_out1 | U_VGA_SYNCHER/U_PIXEL_COUNTER/vsync_d_reg_46[0]             | U_RED_TRACKER_MANUAL/reset                              |                5 |             11 |         2.20 |
|  clk_IBUF_BUFG           | U_FND/U_CNT_4/U_fnd_tick_gen/E[0]                           | U_RED_TRACKER_MANUAL/reset                              |                4 |             14 |         3.50 |
|  u_clk_wiz/inst/clk_out1 | U_SPI/u_spi/rx_data_reg[31]_i_1_n_0                         | U_RED_TRACKER_MANUAL/reset                              |                7 |             15 |         2.14 |
|  u_clk_wiz/inst/clk_out1 | U_VGA_SYNCHER/U_PIXEL_COUNTER/vsync_d_reg_64[0]             | U_RED_TRACKER_MANUAL/reset                              |                5 |             17 |         3.40 |
|  u_clk_wiz/inst/clk_out1 | U_VGA_SYNCHER/U_PIXEL_COUNTER/vsync_d_reg_63[0]             | U_RED_TRACKER_MANUAL/reset                              |                5 |             17 |         3.40 |
|  u_clk_wiz/inst/clk_out1 | U_VGA_SYNCHER/U_PIXEL_COUNTER/vsync_d_reg_65[0]             | U_RED_TRACKER_MANUAL/reset                              |                4 |             17 |         4.25 |
|  u_clk_wiz/inst/clk_out1 | U_VGA_SYNCHER/U_PIXEL_COUNTER/vsync_d_reg_66[0]             | U_RED_TRACKER_MANUAL/reset                              |                5 |             17 |         3.40 |
|  u_clk_wiz/inst/clk_out1 | U_VGA_SYNCHER/U_PIXEL_COUNTER/vsync_d_reg_67[0]             | U_RED_TRACKER_MANUAL/reset                              |                4 |             17 |         4.25 |
|  u_clk_wiz/inst/clk_out1 | U_VGA_SYNCHER/U_PIXEL_COUNTER/vsync_d_reg_78[0]             | U_RED_TRACKER_MANUAL/reset                              |                5 |             17 |         3.40 |
|  u_clk_wiz/inst/clk_out1 | U_VGA_SYNCHER/U_PIXEL_COUNTER/vsync_d_reg_69[0]             | U_RED_TRACKER_MANUAL/reset                              |                4 |             17 |         4.25 |
|  u_clk_wiz/inst/clk_out1 | U_VGA_SYNCHER/U_PIXEL_COUNTER/vsync_d_reg_72[0]             | U_RED_TRACKER_MANUAL/reset                              |                4 |             17 |         4.25 |
|  u_clk_wiz/inst/clk_out1 | U_VGA_SYNCHER/U_PIXEL_COUNTER/vsync_d_reg_76[0]             | U_RED_TRACKER_MANUAL/reset                              |                5 |             17 |         3.40 |
|  u_clk_wiz/inst/clk_out1 | U_VGA_SYNCHER/U_PIXEL_COUNTER/vsync_d_reg_75[0]             | U_RED_TRACKER_MANUAL/reset                              |                5 |             17 |         3.40 |
|  u_clk_wiz/inst/clk_out1 | U_VGA_SYNCHER/U_PIXEL_COUNTER/vsync_d_reg_80[0]             | U_RED_TRACKER_MANUAL/reset                              |                4 |             17 |         4.25 |
|  u_clk_wiz/inst/clk_out1 | U_VGA_SYNCHER/U_PIXEL_COUNTER/vsync_d_reg_77[0]             | U_RED_TRACKER_MANUAL/reset                              |                5 |             17 |         3.40 |
|  u_clk_wiz/inst/clk_out1 | U_VGA_SYNCHER/U_PIXEL_COUNTER/vsync_d_reg_73[0]             | U_RED_TRACKER_MANUAL/reset                              |                4 |             17 |         4.25 |
|  u_clk_wiz/inst/clk_out1 | U_VGA_SYNCHER/U_PIXEL_COUNTER/vsync_d_reg_68[0]             | U_RED_TRACKER_MANUAL/reset                              |                4 |             17 |         4.25 |
|  u_clk_wiz/inst/clk_out1 | U_VGA_SYNCHER/U_PIXEL_COUNTER/vsync_d_reg_70[0]             | U_RED_TRACKER_MANUAL/reset                              |                5 |             17 |         3.40 |
|  u_clk_wiz/inst/clk_out1 | U_VGA_SYNCHER/U_PIXEL_COUNTER/vsync_d_reg_71[0]             | U_RED_TRACKER_MANUAL/reset                              |                4 |             17 |         4.25 |
|  u_clk_wiz/inst/clk_out1 | U_VGA_SYNCHER/U_PIXEL_COUNTER/vsync_d_reg_74[0]             | U_RED_TRACKER_MANUAL/reset                              |                3 |             17 |         5.67 |
|  u_clk_wiz/inst/clk_out1 |                                                             |                                                         |                9 |             20 |         2.22 |
|  u_clk_wiz/inst/clk_out1 | enemy_predict_2s/x_meas_prev                                | U_RED_TRACKER_MANUAL/reset                              |                6 |             20 |         3.33 |
|  u_clk_wiz/inst/clk_out1 | enemy_predict_2s/sampling_time_reg_n_0                      | U_RED_TRACKER_MANUAL/reset                              |               10 |             21 |         2.10 |
|  u_clk_wiz/inst/clk_out1 | enemy_predict_2s/vir_signal3_out                            | U_RED_TRACKER_MANUAL/reset                              |               10 |             21 |         2.10 |
|  u_clk_wiz/inst/clk_out1 | U_SPI/u_spi/E[0]                                            | U_RED_TRACKER_MANUAL/reset                              |               11 |             22 |         2.00 |
|  u_clk_wiz/inst/clk_out1 | U_RED_TRACKER_AUTO/lost_counter[0]_i_1_n_0                  | U_RED_TRACKER_MANUAL/reset                              |                7 |             27 |         3.86 |
|  pclk_IBUF_BUFG          | U_OV7670_MEM_CONTROLLER/wAddr[0]_i_2_n_0                    | U_OV7670_MEM_CONTROLLER/wAddr[0]_i_1_n_0                |               13 |             39 |         3.00 |
|  u_clk_wiz/inst/clk_out1 | U_RED_TRACKER_AUTO/x_min_out[11]_i_1_n_0                    | U_RED_TRACKER_MANUAL/reset                              |               18 |             42 |         2.33 |
|  u_clk_wiz/inst/clk_out1 | U_VGA_SYNCHER/U_PIXEL_COUNTER/v_counter                     | U_RED_TRACKER_MANUAL/reset                              |               25 |             51 |         2.04 |
|  clk_IBUF_BUFG           |                                                             | U_RED_TRACKER_MANUAL/reset                              |               19 |             52 |         2.74 |
|  u_clk_wiz/inst/clk_out1 | U_SPI/u_spi/tx_shift[30]_i_1_n_0                            | U_RED_TRACKER_MANUAL/reset                              |               15 |             53 |         3.53 |
|  u_clk_wiz/inst/clk_out1 |                                                             | U_RED_TRACKER_MANUAL/reset                              |               47 |            100 |         2.13 |
|  u_clk_wiz/inst/clk_out1 | U_VGA_SYNCHER/U_PIXEL_COUNTER/vsync_d_reg                   | U_RED_TRACKER_MANUAL/reset                              |              259 |            688 |         2.66 |
+--------------------------+-------------------------------------------------------------+---------------------------------------------------------+------------------+----------------+--------------+


