../Core/ap/Controller/Controller_Tracking.c:15:6:Controller_Tracking_Init	8	static
../Core/ap/Controller/Controller_Tracking.c:23:6:Controller_Tracking_Excute	32	static
../Core/ap/Controller/Controller_Tracking.c:55:6:Controller_Tracking_UpdateState	16	static
../Core/ap/Controller/Controller_Tracking.c:77:6:Controller_Tracking_Idle	16	static
../Core/ap/Controller/Controller_Tracking.c:84:6:Controller_Tracking_Search	16	static
../Core/ap/Controller/Controller_Tracking.c:93:6:Controller_Tracking_Follow	16	static
../Core/ap/Controller/Controller_Tracking.c:106:6:Controller_Tracking_Lost	16	static
../Core/ap/Controller/Controller_Tracking.c:115:6:Controller_Tracking_Aimed	16	static
../Core/ap/Controller/Controller_Tracking.c:127:6:Controller_Tracking_LogStateChange	152	static
../Core/ap/Controller/Controller_Tracking.c:139:6:Controller_Tracking_Unpack	24	static
../Core/ap/Controller/Controller_Tracking.c:159:6:Controller_Tracking_ResetData	8	static
../Core/ap/Controller/Controller_Tracking.c:167:6:Controller_Tracking_PushData	16	static
../Core/ap/Controller/Controller_Tracking.c:175:6:Controller_Tracking_ComputeServoAngle	16	static
../Core/ap/Controller/Controller_Tracking.c:199:6:Controller_Tracking_Debug	80	static
