../Core/ap/Controller/Controller_Tracking.c:38:6:Controller_Tracking_Init	8	static
../Core/ap/Controller/Controller_Tracking.c:48:6:Controller_Tracking_Excute	24	static
../Core/ap/Controller/Controller_Tracking.c:68:6:Controller_Tracking_HandleSignal	48	static
../Core/ap/Controller/Controller_Tracking.c:120:6:Controller_Tracking_UpdateState	112	static
../Core/ap/Controller/Controller_Tracking.c:155:6:Controller_Tracking_Idle	16	static
../Core/ap/Controller/Controller_Tracking.c:167:6:Controller_Tracking_Search	16	static
../Core/ap/Controller/Controller_Tracking.c:181:6:Controller_Tracking_Follow	16	static
../Core/ap/Controller/Controller_Tracking.c:193:6:Controller_Tracking_Lost	16	static
../Core/ap/Controller/Controller_Tracking.c:205:6:Controller_Tracking_Aimed	16	static
../Core/ap/Controller/Controller_Tracking.c:215:6:Controller_Tracking_ResetData	4	static
../Core/ap/Controller/Controller_Tracking.c:231:6:Controller_Tracking_ComputeServoAngle	16	static
../Core/ap/Controller/Controller_Tracking.c:253:6:Controller_Tracking_PushData	24	static
../Core/ap/Controller/Controller_Tracking.c:272:6:Controller_Tracking_Unpack	16	static
