../Core/ap/Controller/Controller_Tracking.c:20:6:Controller_Tracking_Init	8	static
../Core/ap/Controller/Controller_Tracking.c:25:6:Controller_Tracking_Excute	24	static
../Core/ap/Controller/Controller_Tracking.c:36:6:Controller_Tracking_HandleSignal	80	static
../Core/ap/Controller/Controller_Tracking.c:80:6:Controller_Tracking_UpdateState	112	static
../Core/ap/Controller/Controller_Tracking.c:110:6:Controller_Tracking_Idle	16	static
../Core/ap/Controller/Controller_Tracking.c:116:6:Controller_Tracking_Search	16	static
../Core/ap/Controller/Controller_Tracking.c:124:6:Controller_Tracking_Follow	16	static
../Core/ap/Controller/Controller_Tracking.c:132:6:Controller_Tracking_Lost	16	static
../Core/ap/Controller/Controller_Tracking.c:138:6:Controller_Tracking_Aimed	16	static
../Core/ap/Controller/Controller_Tracking.c:144:6:Controller_Tracking_ResetData	4	static
../Core/ap/Controller/Controller_Tracking.c:153:6:Controller_Tracking_ComputeServoAngle	16	static
../Core/ap/Controller/Controller_Tracking.c:167:6:Controller_Tracking_PushData	24	static
