../Core/ap/Controller/Controller_Tracking.c:15:6:Controller_Tracking_Init	8	static
../Core/ap/Controller/Controller_Tracking.c:23:6:Controller_Tracking_Excute	32	static
../Core/ap/Controller/Controller_Tracking.c:56:6:Controller_Tracking_UpdateState	16	static
../Core/ap/Controller/Controller_Tracking.c:78:6:Controller_Tracking_Idle	16	static
../Core/ap/Controller/Controller_Tracking.c:85:6:Controller_Tracking_Search	16	static
../Core/ap/Controller/Controller_Tracking.c:94:6:Controller_Tracking_Follow	16	static
../Core/ap/Controller/Controller_Tracking.c:110:6:Controller_Tracking_Lost	16	static
../Core/ap/Controller/Controller_Tracking.c:122:6:Controller_Tracking_Aimed	16	static
../Core/ap/Controller/Controller_Tracking.c:137:6:Controller_Tracking_LogStateChange	152	static
../Core/ap/Controller/Controller_Tracking.c:149:6:Controller_Tracking_Unpack	24	static
../Core/ap/Controller/Controller_Tracking.c:171:6:Controller_Tracking_ResetData	8	static
../Core/ap/Controller/Controller_Tracking.c:180:6:Controller_Tracking_SetMiddle	8	static
../Core/ap/Controller/Controller_Tracking.c:188:6:Controller_Tracking_PushData	16	static
../Core/ap/Controller/Controller_Tracking.c:196:6:Controller_Tracking_ComputeServoAngle	16	static
