../Core/ap/Controller/Controller_Tracking.c:21:6:Controller_Tracking_Init	8	static
../Core/ap/Controller/Controller_Tracking.c:27:6:Controller_Tracking_Excute	24	static
../Core/ap/Controller/Controller_Tracking.c:37:6:Controller_Tracking_HandleSignal	16	static
../Core/ap/Controller/Controller_Tracking.c:66:6:Controller_Tracking_UpdateState	104	static
../Core/ap/Controller/Controller_Tracking.c:96:6:Controller_Tracking_Idle	8	static
../Core/ap/Controller/Controller_Tracking.c:102:6:Controller_Tracking_Search	8	static
../Core/ap/Controller/Controller_Tracking.c:110:6:Controller_Tracking_Follow	8	static
../Core/ap/Controller/Controller_Tracking.c:118:6:Controller_Tracking_Lost	8	static
../Core/ap/Controller/Controller_Tracking.c:124:6:Controller_Tracking_Aimed	8	static
../Core/ap/Controller/Controller_Tracking.c:130:6:Controller_Tracking_ResetData	4	static
../Core/ap/Controller/Controller_Tracking.c:139:6:Controller_Tracking_ComputeServoAngle	16	static
../Core/ap/Controller/Controller_Tracking.c:153:6:Controller_Tracking_PushData	24	static
