../Core/ap/Controller/Controller_Tracking.c:22:6:Controller_Tracking_Init	8	static
../Core/ap/Controller/Controller_Tracking.c:27:6:Controller_Tracking_Excute	24	static
../Core/ap/Controller/Controller_Tracking.c:38:6:Controller_Tracking_HandleSignal	24	static
../Core/ap/Controller/Controller_Tracking.c:61:6:Controller_Tracking_UpdateState	112	static
../Core/ap/Controller/Controller_Tracking.c:91:6:Controller_Tracking_Idle	16	static
../Core/ap/Controller/Controller_Tracking.c:97:6:Controller_Tracking_Search	16	static
../Core/ap/Controller/Controller_Tracking.c:105:6:Controller_Tracking_Follow	16	static
../Core/ap/Controller/Controller_Tracking.c:116:6:Controller_Tracking_Lost	16	static
../Core/ap/Controller/Controller_Tracking.c:125:6:Controller_Tracking_Aimed	16	static
../Core/ap/Controller/Controller_Tracking.c:134:6:Controller_Tracking_ResetData	4	static
../Core/ap/Controller/Controller_Tracking.c:143:6:Controller_Tracking_ComputeServoAngle	16	static
../Core/ap/Controller/Controller_Tracking.c:157:6:Controller_Tracking_PushData	24	static
../Core/ap/Controller/Controller_Tracking.c:177:6:Controller_Tracking_Unpack	24	static
../Core/ap/Controller/Controller_Tracking.c:241:6:Controller_Tracking_Debug	80	static
